Archive member included to satisfy reference by file (symbol)

.\CortexM3\ARM_GCC_541\Debug\PRACTICA 5.a(CyDmac.o)
                              .\CortexM3\ARM_GCC_541\Debug\Cm3Start.o (CyDmacConfigure)
.\CortexM3\ARM_GCC_541\Debug\PRACTICA 5.a(CyLib.o)
                              .\CortexM3\ARM_GCC_541\Debug\Cm3Start.o (CyHalt)
.\CortexM3\ARM_GCC_541\Debug\PRACTICA 5.a(cyPm.o)
                              .\CortexM3\ARM_GCC_541\Debug\PRACTICA 5.a(CyLib.o) (CyPmReadStatus)
.\CortexM3\ARM_GCC_541\Debug\PRACTICA 5.a(Interrupt.o)
                              .\CortexM3\ARM_GCC_541\Debug\main.o (Interrupt_StartEx)
.\CortexM3\ARM_GCC_541\Debug\PRACTICA 5.a(Segments.o)
                              .\CortexM3\ARM_GCC_541\Debug\main.o (Segments_Start)
.\CortexM3\ARM_GCC_541\Debug\PRACTICA 5.a(Contador.o)
                              .\CortexM3\ARM_GCC_541\Debug\main.o (Contador_Start)
.\CortexM3\ARM_GCC_541\Debug\PRACTICA 5.a(Timer.o)
                              .\CortexM3\ARM_GCC_541\Debug\main.o (Timer_StartEx)
.\CortexM3\ARM_GCC_541\Debug\PRACTICA 5.a(SW.o)
                              .\CortexM3\ARM_GCC_541\Debug\main.o (SW_Read)
.\CortexM3\ARM_GCC_541\Debug\PRACTICA 5.a(LEDS.o)
                              .\CortexM3\ARM_GCC_541\Debug\main.o (LEDS_Write)
.\CortexM3\ARM_GCC_541\Debug\PRACTICA 5.a(Segments_Com_Driver.o)
                              .\CortexM3\ARM_GCC_541\Debug\PRACTICA 5.a(Segments.o) (Segments_Com_Driver_Write)
.\CortexM3\ARM_GCC_541\Debug\PRACTICA 5.a(Segments_DMA_Com_dma.o)
                              .\CortexM3\ARM_GCC_541\Debug\PRACTICA 5.a(Segments.o) (Segments_DMA_Com_DmaInitialize)
.\CortexM3\ARM_GCC_541\Debug\PRACTICA 5.a(Segments_DMA_Seg_dma.o)
                              .\CortexM3\ARM_GCC_541\Debug\PRACTICA 5.a(Segments.o) (Segments_DMA_Seg_DmaInitialize)
.\CortexM3\ARM_GCC_541\Debug\PRACTICA 5.a(Segments_DMA_BC_dma.o)
                              .\CortexM3\ARM_GCC_541\Debug\PRACTICA 5.a(Segments.o) (Segments_DMA_BC_DmaInitialize)
.\CortexM3\ARM_GCC_541\Debug\PRACTICA 5.a(SW_vel.o)
                              .\CortexM3\ARM_GCC_541\Debug\main.o (SW_vel_Read)
.\CortexM3\ARM_GCC_541\Debug\PRACTICA 5.a(SW_buzz.o)
                              .\CortexM3\ARM_GCC_541\Debug\main.o (SW_buzz_Read)
.\CortexM3\ARM_GCC_541\Debug\PRACTICA 5.a(Buzzer.o)
                              .\CortexM3\ARM_GCC_541\Debug\main.o (Buzzer_Write)
.\CortexM3\ARM_GCC_541\Debug\PRACTICA 5.a(DosP.o)
                              .\CortexM3\ARM_GCC_541\Debug\main.o (DosP_Write)
.\CortexM3\ARM_GCC_541\Debug\PRACTICA 5.a(CyBootAsmGnu.o)
                              .\CortexM3\ARM_GCC_541\Debug\cyfitter_cfg.o (CyDelayCycles)
.\CortexM3\ARM_GCC_541\Debug\PRACTICA 5.a(CyFlash.o)
                              .\CortexM3\ARM_GCC_541\Debug\PRACTICA 5.a(cyPm.o) (CyFlash_SetWaitCycles)
.\CortexM3\ARM_GCC_541\Debug\PRACTICA 5.a(CySpc.o)
                              .\CortexM3\ARM_GCC_541\Debug\PRACTICA 5.a(CyFlash.o) (CySpcStart)
c:/program files (x86)/cypress/psoc creator/4.4/psoc creator/import/gnu/arm/5.4.1/bin/../lib/gcc/arm-none-eabi/5.4.1/../../../../arm-none-eabi/lib/armv7-m\libg_nano.a(lib_a-errno.o)
                              .\CortexM3\ARM_GCC_541\Debug\Cm3Start.o (__errno)
c:/program files (x86)/cypress/psoc creator/4.4/psoc creator/import/gnu/arm/5.4.1/bin/../lib/gcc/arm-none-eabi/5.4.1/../../../../arm-none-eabi/lib/armv7-m\libg_nano.a(lib_a-exit.o)
                              c:/program files (x86)/cypress/psoc creator/4.4/psoc creator/import/gnu/arm/5.4.1/bin/../lib/gcc/arm-none-eabi/5.4.1/../../../../arm-none-eabi/lib/armv7-m/crt0.o (exit)
c:/program files (x86)/cypress/psoc creator/4.4/psoc creator/import/gnu/arm/5.4.1/bin/../lib/gcc/arm-none-eabi/5.4.1/../../../../arm-none-eabi/lib/armv7-m\libg_nano.a(lib_a-impure.o)
                              c:/program files (x86)/cypress/psoc creator/4.4/psoc creator/import/gnu/arm/5.4.1/bin/../lib/gcc/arm-none-eabi/5.4.1/../../../../arm-none-eabi/lib/armv7-m\libg_nano.a(lib_a-exit.o) (_global_impure_ptr)
c:/program files (x86)/cypress/psoc creator/4.4/psoc creator/import/gnu/arm/5.4.1/bin/../lib/gcc/arm-none-eabi/5.4.1/../../../../arm-none-eabi/lib/armv7-m\libg_nano.a(lib_a-init.o)
                              c:/program files (x86)/cypress/psoc creator/4.4/psoc creator/import/gnu/arm/5.4.1/bin/../lib/gcc/arm-none-eabi/5.4.1/../../../../arm-none-eabi/lib/armv7-m/crt0.o (__libc_init_array)
c:/program files (x86)/cypress/psoc creator/4.4/psoc creator/import/gnu/arm/5.4.1/bin/../lib/gcc/arm-none-eabi/5.4.1/../../../../arm-none-eabi/lib/armv7-m\libg_nano.a(lib_a-memcpy-stub.o)
                              .\CortexM3\ARM_GCC_541\Debug\cyfitter_cfg.o (memcpy)
c:/program files (x86)/cypress/psoc creator/4.4/psoc creator/import/gnu/arm/5.4.1/bin/../lib/gcc/arm-none-eabi/5.4.1/../../../../arm-none-eabi/lib/armv7-m\libg_nano.a(lib_a-memset.o)
[...]
Memory Configuration

Name             Origin             Length             Attributes
rom              0x00000000         0x00040000         xr
ram              0x1fff8000         0x00010000         xrw
*default*        0x00000000         0xffffffff

Linker script and memory map

LOAD c:/program files (x86)/cypress/psoc creator/4.4/psoc creator/import/gnu/arm/5.4.1/bin/../lib/gcc/arm-none-eabi/5.4.1/armv7-m/crti.o
LOAD c:/program files (x86)/cypress/psoc creator/4.4/psoc creator/import/gnu/arm/5.4.1/bin/../lib/gcc/arm-none-eabi/5.4.1/armv7-m/crtbegin.o
LOAD c:/program files (x86)/cypress/psoc creator/4.4/psoc creator/import/gnu/arm/5.4.1/bin/../lib/gcc/arm-none-eabi/5.4.1/../../../../arm-none-eabi/lib/armv7-m/crt0.o
START GROUP
LOAD .\CortexM3\ARM_GCC_541\Debug\main.o
LOAD .\CortexM3\ARM_GCC_541\Debug\cyfitter_cfg.o
LOAD .\CortexM3\ARM_GCC_541\Debug\cymetadata.o
LOAD .\CortexM3\ARM_GCC_541\Debug\Cm3Start.o
LOAD .\CortexM3\ARM_GCC_541\Debug\PRACTICA 5.a
LOAD C:\Program Files (x86)\Cypress\PSoC Creator\4.4\PSoC Creator\psoc\content\cycomponentlibrary\CyComponentLibrary.cylib\CortexM3\ARM_GCC_541\Debug\CyComponentLibrary.a
END GROUP
START GROUP
LOAD c:/program files (x86)/cypress/psoc creator/4.4/psoc creator/import/gnu/arm/5.4.1/bin/../lib/gcc/arm-none-eabi/5.4.1/armv7-m\libgcc.a
LOAD c:/program files (x86)/cypress/psoc creator/4.4/psoc creator/import/gnu/arm/5.4.1/bin/../lib/gcc/arm-none-eabi/5.4.1/../../../../arm-none-eabi/lib/armv7-m\libg_nano.a
LOAD c:/program files (x86)/cypress/psoc creator/4.4/psoc creator/import/gnu/arm/5.4.1/bin/../lib/gcc/arm-none-eabi/5.4.1/../../../../arm-none-eabi/lib/armv7-m\libc_nano.a
END GROUP
START GROUP
LOAD c:/program files (x86)/cypress/psoc creator/4.4/psoc creator/import/gnu/arm/5.4.1/bin/../lib/gcc/arm-none-eabi/5.4.1/armv7-m\libgcc.a
LOAD c:/program files (x86)/cypress/psoc creator/4.4/psoc creator/import/gnu/arm/5.4.1/bin/../lib/gcc/arm-none-eabi/5.4.1/../../../../arm-none-eabi/lib/armv7-m\libc_nano.a
END GROUP
LOAD c:/program files (x86)/cypress/psoc creator/4.4/psoc creator/import/gnu/arm/5.4.1/bin/../lib/gcc/arm-none-eabi/5.4.1/armv7-m/crtend.o
LOAD c:/program files (x86)/cypress/psoc creator/4.4/psoc creator/import/gnu/arm/5.4.1/bin/../lib/gcc/arm-none-eabi/5.4.1/armv7-m/crtn.o
START GROUP
LOAD c:/program files (x86)/cypress/psoc creator/4.4/psoc creator/import/gnu/arm/5.4.1/bin/../lib/gcc/arm-none-eabi/5.4.1/armv7-m\libgcc.a
LOAD c:/program files (x86)/cypress/psoc creator/4.4/psoc creator/import/gnu/arm/5.4.1/bin/../lib/gcc/arm-none-eabi/5.4.1/../../../../arm-none-eabi/lib/armv7-m\libc.a
LOAD c:/program files (x86)/cypress/psoc creator/4.4/psoc creator/import/gnu/arm/5.4.1/bin/../lib/gcc/arm-none-eabi/5.4.1/../../../../arm-none-eabi/lib/armv7-m\libnosys.a
END GROUP
                0x00000000                CY_APPL_ORIGIN = 0x0
                0x00000100                CY_FLASH_ROW_SIZE = 0x100
                0x00000020                CY_ECC_ROW_SIZE = 0x20
                0x00000000                CY_EE_IN_BTLDR = 0x0
                0x00000000                CY_APPL_LOADABLE = 0x0
                0x00000800                CY_EE_SIZE = 0x800
                0x00000001                CY_APPL_NUM = 0x1
                0x00000001                CY_APPL_MAX = 0x1
                0x00000040                CY_METADATA_SIZE = 0x40
                0x00000000                CY_APPL_LOADABLE = 0x0
                0x00000000                CY_CHECKSUM_EXCLUDE_SIZE = ALIGN (0x0, CY_FLASH_ROW_SIZE)
                [!provide]                PROVIDE (__cy_heap_start, _end)
                0x00000001                PROVIDE (__cy_region_num, ((__cy_regions_end - __cy_regions) / 0x10))
                0x20008000                PROVIDE (__cy_stack, (ORIGIN (ram) + LENGTH (ram)))
                [!provide]                PROVIDE (__cy_heap_end, (__cy_stack - 0x800))

.cybootloader   0x00000000        0x0
 *(.cybootloader)
                0x00000000                appl1_start = CY_APPL_ORIGIN?CY_APPL_ORIGIN:ALIGN (CY_FLASH_ROW_SIZE)
                0x0001ff00                appl2_start = (appl1_start + ALIGN ((((LENGTH (rom) - appl1_start) - (0x2 * CY_FLASH_ROW_SIZE)) / 0x2), CY_FLASH_ROW_SIZE))
                0x00000000                appl_start = (CY_APPL_NUM == 0x1)?appl1_start:appl2_start
                0x00000000                ecc_offset = ((appl_start / CY_FLASH_ROW_SIZE) * CY_ECC_ROW_SIZE)
                0x00000000                ee_offset = (CY_APPL_LOADABLE && ! (CY_EE_IN_BTLDR))?((CY_EE_SIZE / CY_APPL_MAX) * (CY_APPL_NUM - 0x1)):0x0
                0x00000800                ee_size = (CY_APPL_LOADABLE && ! (CY_EE_IN_BTLDR))?(CY_EE_SIZE / CY_APPL_MAX):CY_EE_SIZE
                [!provide]                PROVIDE (CY_ECC_OFFSET, ecc_offset)

.text           0x00000000     0x1086
 CREATE_OBJECT_SYMBOLS
                0x00000000                PROVIDE (__cy_interrupt_vector, RomVectors)
 *(.romvectors)
 .romvectors    0x00000000       0x10 .\CortexM3\ARM_GCC_541\Debug\Cm3Start.o
                0x00000000                RomVectors
                0x00000001                ASSERT ((. != __cy_interrupt_vector), No interrupt vector)
                0x00000001                ASSERT (CY_APPL_ORIGIN?(SIZEOF (.cybootloader) <= CY_APPL_ORIGIN):0x1, Wrong image location)
                0x00000010                PROVIDE (__cy_reset, Reset)
 *(.text.Reset)
 .text.Reset    0x00000010       0x18 .\CortexM3\ARM_GCC_541\Debug\Cm3Start.o
                0x00000010                Reset
                0x00000001                ASSERT ((. != __cy_reset), No reset code)
 *(.dma_init)
                0x00000001                ASSERT ((((appl_start + .) <= 0x10000) || 0x1), DMA Init must be within the first 64k of flash)
 *(.text .text.* .gnu.linkonce.t.*)
 .text          0x00000028       0x5c c:/program files (x86)/cypress/psoc creator/4.4/psoc creator/import/gnu/arm/5.4.1/bin/../lib/gcc/arm-none-eabi/5.4.1/armv7-m/crtbegin.o
 .text.IRQ_ISR  0x00000084       0x1c .\CortexM3\ARM_GCC_541\Debug\main.o
                0x00000084                IRQ_ISR
 .text.Timer_ISR
                0x000000a0        0xc .\CortexM3\ARM_GCC_541\Debug\main.o
                0x000000a0                Timer_ISR
 .text.main     0x000000ac      0x378 .\CortexM3\ARM_GCC_541\Debug\main.o
                0x000000ac                main
 .text.CyClockStartupError
                0x00000424        0x4 .\CortexM3\ARM_GCC_541\Debug\cyfitter_cfg.o
 .text.cfg_write_bytes32
                0x00000428       0x34 .\CortexM3\ARM_GCC_541\Debug\cyfitter_cfg.o
 .text.AnalogSetDefault
                0x0000045c       0x28 .\CortexM3\ARM_GCC_541\Debug\cyfitter_cfg.o
 .text.CYMEMZERO
                0x00000484        0xc .\CortexM3\ARM_GCC_541\Debug\cyfitter_cfg.o
 .text.ClockSetup
                0x00000490       0xd4 .\CortexM3\ARM_GCC_541\Debug\cyfitter_cfg.o
 .text.CYCONFIGCPY
                0x00000564        0x8 .\CortexM3\ARM_GCC_541\Debug\cyfitter_cfg.o
 .text.cyfitter_cfg
                0x0000056c      0x12c .\CortexM3\ARM_GCC_541\Debug\cyfitter_cfg.o
                0x0000056c                cyfitter_cfg
 .text.IntDefaultHandler
                0x00000698       0x10 .\CortexM3\ARM_GCC_541\Debug\Cm3Start.o
                0x00000698                IntDefaultHandler
 .text.Start_c  0x000006a8       0x4c .\CortexM3\ARM_GCC_541\Debug\Cm3Start.o
                0x000006a8                Start_c
 .text.initialize_psoc
                0x000006f4       0x6c .\CortexM3\ARM_GCC_541\Debug\Cm3Start.o
                0x000006f4                initialize_psoc
 .text.CyDmacConfigure
                0x00000760       0x34 .\CortexM3\ARM_GCC_541\Debug\PRACTICA 5.a(CyDmac.o)
                0x00000760                CyDmacConfigure
 .text.CyDmaChEnable
                0x00000794       0x38 .\CortexM3\ARM_GCC_541\Debug\PRACTICA 5.a(CyDmac.o)
                0x00000794                CyDmaChEnable
 .text.CyDmaChPriority
                0x000007cc       0x24 .\CortexM3\ARM_GCC_541\Debug\PRACTICA 5.a(CyDmac.o)
                0x000007cc                CyDmaChPriority
 .text.CyDmaChSetExtendedAddress
                0x000007f0       0x34 .\CortexM3\ARM_GCC_541\Debug\PRACTICA 5.a(CyDmac.o)
                0x000007f0                CyDmaChSetExtendedAddress
 .text.CyDmaChSetInitialTd
                0x00000824       0x18 .\CortexM3\ARM_GCC_541\Debug\PRACTICA 5.a(CyDmac.o)
                0x00000824                CyDmaChSetInitialTd
 .text.CyDmaChSetConfiguration
                0x0000083c       0x44 .\CortexM3\ARM_GCC_541\Debug\PRACTICA 5.a(CyDmac.o)
                0x0000083c                CyDmaChSetConfiguration
 .text.CyDmaTdAllocate
                0x00000880       0x34 .\CortexM3\ARM_GCC_541\Debug\PRACTICA 5.a(CyDmac.o)
                0x00000880                CyDmaTdAllocate
 .text.CyDmaTdSetConfiguration
                0x000008b4       0x28 .\CortexM3\ARM_GCC_541\Debug\PRACTICA 5.a(CyDmac.o)
                0x000008b4                CyDmaTdSetConfiguration
 .text.CyDmaTdSetAddress
                0x000008dc       0x1c .\CortexM3\ARM_GCC_541\Debug\PRACTICA 5.a(CyDmac.o)
                0x000008dc                CyDmaTdSetAddress
 .text.CyHalt   0x000008f8        0x4 .\CortexM3\ARM_GCC_541\Debug\PRACTICA 5.a(CyLib.o)
                0x000008f8                CyHalt
 .text.Interrupt_SetVector
                0x000008fc        0xc .\CortexM3\ARM_GCC_541\Debug\PRACTICA 5.a(Interrupt.o)
                0x000008fc                Interrupt_SetVector
 .text.Interrupt_SetPriority
                0x00000908       0x10 .\CortexM3\ARM_GCC_541\Debug\PRACTICA 5.a(Interrupt.o)
                0x00000908                Interrupt_SetPriority
 .text.Interrupt_Enable
                0x00000918        0xc .\CortexM3\ARM_GCC_541\Debug\PRACTICA 5.a(Interrupt.o)
                0x00000918                Interrupt_Enable
 .text.Interrupt_Disable
                0x00000924        0xc .\CortexM3\ARM_GCC_541\Debug\PRACTICA 5.a(Interrupt.o)
                0x00000924                Interrupt_Disable
 .text.Interrupt_StartEx
                0x00000930       0x1c .\CortexM3\ARM_GCC_541\Debug\PRACTICA 5.a(Interrupt.o)
                0x00000930                Interrupt_StartEx
 .text.Segments_DmaInit
                0x0000094c      0x160 .\CortexM3\ARM_GCC_541\Debug\PRACTICA 5.a(Segments.o)
 .text.Segments_DmaEnable
                0x00000aac       0x3c .\CortexM3\ARM_GCC_541\Debug\PRACTICA 5.a(Segments.o)
 .text.Segments_Enable
                0x00000ae8       0x24 .\CortexM3\ARM_GCC_541\Debug\PRACTICA 5.a(Segments.o)
                0x00000ae8                Segments_Enable
 .text.Segments_ClearDisplayAll
                0x00000b0c       0x18 .\CortexM3\ARM_GCC_541\Debug\PRACTICA 5.a(Segments.o)
                0x00000b0c                Segments_ClearDisplayAll
 .text.Segments_Init
                0x00000b24       0x30 .\CortexM3\ARM_GCC_541\Debug\PRACTICA 5.a(Segments.o)
                0x00000b24                Segments_Init
 .text.Segments_Start
                0x00000b54       0x1c .\CortexM3\ARM_GCC_541\Debug\PRACTICA 5.a(Segments.o)
                0x00000b54                Segments_Start
 .text.Segments_EncodeNumber7Seg
                0x00000b70       0x10 .\CortexM3\ARM_GCC_541\Debug\PRACTICA 5.a(Segments.o)
                0x00000b70                Segments_EncodeNumber7Seg
 .text.Segments_Write7SegDigitDec
                0x00000b80       0x1c .\CortexM3\ARM_GCC_541\Debug\PRACTICA 5.a(Segments.o)
                0x00000b80                Segments_Write7SegDigitDec
 .text.Segments_EncodeChar7Seg
                0x00000b9c       0x24 .\CortexM3\ARM_GCC_541\Debug\PRACTICA 5.a(Segments.o)
                0x00000b9c                Segments_EncodeChar7Seg
 .text.Segments_Write7SegNumberDec
                0x00000bc0      0x180 .\CortexM3\ARM_GCC_541\Debug\PRACTICA 5.a(Segments.o)
                0x00000bc0                Segments_Write7SegNumberDec
 .text.Segments_SetBrightness
                0x00000d40       0x3c .\CortexM3\ARM_GCC_541\Debug\PRACTICA 5.a(Segments.o)
                0x00000d40                Segments_SetBrightness
 .text.Contador_Enable
                0x00000d7c       0x28 .\CortexM3\ARM_GCC_541\Debug\PRACTICA 5.a(Contador.o)
                0x00000d7c                Contador_Enable
 .text.Contador_SetInterruptMode
                0x00000da4        0xc .\CortexM3\ARM_GCC_541\Debug\PRACTICA 5.a(Contador.o)
                0x00000da4                Contador_SetInterruptMode
 .text.Contador_WriteCounter
                0x00000db0       0x34 .\CortexM3\ARM_GCC_541\Debug\PRACTICA 5.a(Contador.o)
                0x00000db0                Contador_WriteCounter
 .text.Contador_WritePeriod
                0x00000de4        0xc .\CortexM3\ARM_GCC_541\Debug\PRACTICA 5.a(Contador.o)
                0x00000de4                Contador_WritePeriod
 .text.Contador_Init
                0x00000df0       0x60 .\CortexM3\ARM_GCC_541\Debug\PRACTICA 5.a(Contador.o)
                0x00000df0                Contador_Init
 .text.Contador_Start
                0x00000e50       0x1c .\CortexM3\ARM_GCC_541\Debug\PRACTICA 5.a(Contador.o)
                0x00000e50                Contador_Start
 .text.Timer_SetVector
                0x00000e6c        0xc .\CortexM3\ARM_GCC_541\Debug\PRACTICA 5.a(Timer.o)
                0x00000e6c                Timer_SetVector
 .text.Timer_SetPriority
                0x00000e78       0x10 .\CortexM3\ARM_GCC_541\Debug\PRACTICA 5.a(Timer.o)
                0x00000e78                Timer_SetPriority
 .text.Timer_Enable
                0x00000e88        0xc .\CortexM3\ARM_GCC_541\Debug\PRACTICA 5.a(Timer.o)
                0x00000e88                Timer_Enable
 .text.Timer_Disable
                0x00000e94        0xc .\CortexM3\ARM_GCC_541\Debug\PRACTICA 5.a(Timer.o)
                0x00000e94                Timer_Disable
 .text.Timer_StartEx
                0x00000ea0       0x1c .\CortexM3\ARM_GCC_541\Debug\PRACTICA 5.a(Timer.o)
                0x00000ea0                Timer_StartEx
 .text.SW_Read  0x00000ebc       0x10 .\CortexM3\ARM_GCC_541\Debug\PRACTICA 5.a(SW.o)
                0x00000ebc                SW_Read
 .text.LEDS_Write
                0x00000ecc       0x18 .\CortexM3\ARM_GCC_541\Debug\PRACTICA 5.a(LEDS.o)
                0x00000ecc                LEDS_Write
 .text.Segments_DMA_Com_DmaInitialize
                0x00000ee4       0x3c .\CortexM3\ARM_GCC_541\Debug\PRACTICA 5.a(Segments_DMA_Com_dma.o)
                0x00000ee4                Segments_DMA_Com_DmaInitialize
 .text.Segments_DMA_Seg_DmaInitialize
                0x00000f20       0x3c .\CortexM3\ARM_GCC_541\Debug\PRACTICA 5.a(Segments_DMA_Seg_dma.o)
                0x00000f20                Segments_DMA_Seg_DmaInitialize
 .text.Segments_DMA_BC_DmaInitialize
                0x00000f5c       0x3c .\CortexM3\ARM_GCC_541\Debug\PRACTICA 5.a(Segments_DMA_BC_dma.o)
                0x00000f5c                Segments_DMA_BC_DmaInitialize
 .text.SW_vel_Read
                0x00000f98       0x10 .\CortexM3\ARM_GCC_541\Debug\PRACTICA 5.a(SW_vel.o)
                0x00000f98                SW_vel_Read
 .text.SW_buzz_Read
                0x00000fa8        0xc .\CortexM3\ARM_GCC_541\Debug\PRACTICA 5.a(SW_buzz.o)
                0x00000fa8                SW_buzz_Read
 .text.Buzzer_Write
                0x00000fb4       0x18 .\CortexM3\ARM_GCC_541\Debug\PRACTICA 5.a(Buzzer.o)
                0x00000fb4                Buzzer_Write
 .text.DosP_Write
                0x00000fcc       0x18 .\CortexM3\ARM_GCC_541\Debug\PRACTICA 5.a(DosP.o)
                0x00000fcc                DosP_Write
 *fill*         0x00000fe4        0x4 
 .text          0x00000fe8       0x20 .\CortexM3\ARM_GCC_541\Debug\PRACTICA 5.a(CyBootAsmGnu.o)
                0x00000fe8                CyDelayCycles
                0x00000ff8                CyEnterCriticalSection
                0x00001000                CyExitCriticalSection
 .text.__errno  0x00001008        0xc c:/program files (x86)/cypress/psoc creator/4.4/psoc creator/import/gnu/arm/5.4.1/bin/../lib/gcc/arm-none-eabi/5.4.1/../../../../arm-none-eabi/lib/armv7-m\libg_nano.a(lib_a-errno.o)
                0x00001008                __errno
 .text.__libc_init_array
                0x00001014       0x4c c:/program files (x86)/cypress/psoc creator/4.4/psoc creator/import/gnu/arm/5.4.1/bin/../lib/gcc/arm-none-eabi/5.4.1/../../../../arm-none-eabi/lib/armv7-m\libg_nano.a(lib_a-init.o)
                0x00001014                __libc_init_array
 .text.memcpy   0x00001060       0x16 c:/program files (x86)/cypress/psoc creator/4.4/psoc creator/import/gnu/arm/5.4.1/bin/../lib/gcc/arm-none-eabi/5.4.1/../../../../arm-none-eabi/lib/armv7-m\libg_nano.a(lib_a-memcpy-stub.o)
                0x00001060                memcpy
 .text.memset   0x00001076       0x10 c:/program files (x86)/cypress/psoc creator/4.4/psoc creator/import/gnu/arm/5.4.1/bin/../lib/gcc/arm-none-eabi/5.4.1/../../../../arm-none-eabi/lib/armv7-m\libg_nano.a(lib_a-memset.o)
                0x00001076                memset
 *(.plt)
 *(.gnu.warning)
 *(.glue_7t)
 .glue_7t       0x00001086        0x0 linker stubs
 *(.glue_7)
 .glue_7        0x00001086        0x0 linker stubs
 *(.vfp11_veneer)
 .vfp11_veneer  0x00001086        0x0 linker stubs
 *(.bootloader)
 *(.ARM.extab* .gnu.linkonce.armextab.*)
 *(.gcc_except_table)

.v4_bx          0x00001088        0x0
 .v4_bx         0x00001088        0x0 linker stubs

.iplt           0x00001088        0x0
 .iplt          0x00001088        0x0 c:/program files (x86)/cypress/psoc creator/4.4/psoc creator/import/gnu/arm/5.4.1/bin/../lib/gcc/arm-none-eabi/5.4.1/armv7-m/crtbegin.o

.eh_frame_hdr
 *(.eh_frame_hdr)

.eh_frame       0x00001088        0x4
 *(.eh_frame)
 .eh_frame      0x00001088        0x0 c:/program files (x86)/cypress/psoc creator/4.4/psoc creator/import/gnu/arm/5.4.1/bin/../lib/gcc/arm-none-eabi/5.4.1/armv7-m/crtbegin.o
 .eh_frame      0x00001088        0x4 c:/program files (x86)/cypress/psoc creator/4.4/psoc creator/import/gnu/arm/5.4.1/bin/../lib/gcc/arm-none-eabi/5.4.1/armv7-m/crtend.o
                [!provide]                PROVIDE (__exidx_start, .)

.ARM.exidx
 *(.ARM.exidx* .gnu.linkonce.armexidx.*)
                0x0000108c                __exidx_end = .

.rodata         0x0000108c      0x2b4
 *(.rodata .rodata.* .gnu.linkonce.r.*)
 .rodata        0x0000108c       0x36 .\CortexM3\ARM_GCC_541\Debug\cyfitter_cfg.o
 *fill*         0x000010c2        0x2 
 .rodata        0x000010c4      0x240 .\CortexM3\ARM_GCC_541\Debug\PRACTICA 5.a(Segments.o)
 .rodata.str1.1
                0x00001304        0x2 c:/program files (x86)/cypress/psoc creator/4.4/psoc creator/import/gnu/arm/5.4.1/bin/../lib/gcc/arm-none-eabi/5.4.1/../../../../arm-none-eabi/lib/armv7-m\libg_nano.a(lib_a-impure.o)
                0x00001308                . = ALIGN (0x4)
 *fill*         0x00001306        0x2 
 *(.init)
 .init          0x00001308        0x4 c:/program files (x86)/cypress/psoc creator/4.4/psoc creator/import/gnu/arm/5.4.1/bin/../lib/gcc/arm-none-eabi/5.4.1/armv7-m/crti.o
                0x00001308                _init
 .init          0x0000130c        0x8 c:/program files (x86)/cypress/psoc creator/4.4/psoc creator/import/gnu/arm/5.4.1/bin/../lib/gcc/arm-none-eabi/5.4.1/armv7-m/crtn.o
                0x00001314                . = ALIGN (0x4)
                0x00001314                __preinit_array_start = .
 *(.preinit_array)
                0x00001314                __preinit_array_end = .
                0x00001314                . = ALIGN (0x4)
                0x00001314                __init_array_start = .
 *(SORT(.init_array.*))
 *(.init_array)
 .init_array    0x00001314        0x4 c:/program files (x86)/cypress/psoc creator/4.4/psoc creator/import/gnu/arm/5.4.1/bin/../lib/gcc/arm-none-eabi/5.4.1/armv7-m/crtbegin.o
 .init_array    0x00001318        0x4 .\CortexM3\ARM_GCC_541\Debug\Cm3Start.o
                0x0000131c                __init_array_end = .
                0x0000131c                . = ALIGN (0x4)
 *(.fini)
 .fini          0x0000131c        0x4 c:/program files (x86)/cypress/psoc creator/4.4/psoc creator/import/gnu/arm/5.4.1/bin/../lib/gcc/arm-none-eabi/5.4.1/armv7-m/crti.o
                0x0000131c                _fini
 .fini          0x00001320        0x8 c:/program files (x86)/cypress/psoc creator/4.4/psoc creator/import/gnu/arm/5.4.1/bin/../lib/gcc/arm-none-eabi/5.4.1/armv7-m/crtn.o
                0x00001328                . = ALIGN (0x4)
                0x00001328                __fini_array_start = .
 *(.fini_array)
 .fini_array    0x00001328        0x4 c:/program files (x86)/cypress/psoc creator/4.4/psoc creator/import/gnu/arm/5.4.1/bin/../lib/gcc/arm-none-eabi/5.4.1/armv7-m/crtbegin.o
 *(SORT(.fini_array.*))
                0x0000132c                __fini_array_end = .
                0x0000132c                . = ALIGN (0x4)
 *crtbegin.o(.ctors)
 *(EXCLUDE_FILE(*crtend.o) .ctors)
 *(SORT(.ctors.*))
 *crtend.o(.ctors)
                0x0000132c                . = ALIGN (0x4)
 *crtbegin.o(.dtors)
 *(EXCLUDE_FILE(*crtend.o) .dtors)
 *(SORT(.dtors.*))
 *crtend.o(.dtors)
                0x0000132c                . = ALIGN (0x4)
                0x0000132c                __cy_regions = .
                0x0000132c        0x4 LONG 0x1340 __cy_region_init_ram
                0x00001330        0x4 LONG 0x1fff80c8 __cy_region_start_data
                0x00001334        0x4 LONG 0x90 __cy_region_init_size_ram
                0x00001338        0x4 LONG 0x68 __cy_region_zero_size_ram
                0x0000133c                __cy_regions_end = .
                0x00001340                . = ALIGN (0x8)
 *fill*         0x0000133c        0x4 
                0x00001340                _etext = .

.cy_checksum_exclude
                0x00001340        0x0
 *(.cy_checksum_exclude)

.ramvectors     0x1fff8000       0xc0
                0x1fff8000                __cy_region_start_ram = .
 *(.ramvectors)
 .ramvectors    0x1fff8000       0xc0 .\CortexM3\ARM_GCC_541\Debug\Cm3Start.o
                0x1fff8000                CyRamVectors

.noinit         0x1fff80c0        0x1
 *(.noinit)
 .noinit        0x1fff80c0        0x1 .\CortexM3\ARM_GCC_541\Debug\PRACTICA 5.a(CyLib.o)
                0x1fff80c0                CyResetStatus

.data           0x1fff80c8       0x90 load address 0x00001340
                0x1fff80c8                __cy_region_start_data = .
 *(.jcr)
 .jcr           0x1fff80c8        0x0 c:/program files (x86)/cypress/psoc creator/4.4/psoc creator/import/gnu/arm/5.4.1/bin/../lib/gcc/arm-none-eabi/5.4.1/armv7-m/crtbegin.o
 .jcr           0x1fff80c8        0x4 c:/program files (x86)/cypress/psoc creator/4.4/psoc creator/import/gnu/arm/5.4.1/bin/../lib/gcc/arm-none-eabi/5.4.1/armv7-m/crtend.o
 *(.got.plt)
 *(.got)
 *(.shdata)
 *(.data .data.* .gnu.linkonce.d.*)
 .data          0x1fff80cc        0x8 .\CortexM3\ARM_GCC_541\Debug\main.o
                0x1fff80cc                Posicion
                0x1fff80d0                Bright
                0x1fff80d2                vel
 .data          0x1fff80d4        0x8 .\CortexM3\ARM_GCC_541\Debug\PRACTICA 5.a(CyDmac.o)
 .data          0x1fff80dc       0x10 .\CortexM3\ARM_GCC_541\Debug\PRACTICA 5.a(Segments.o)
 .data          0x1fff80ec        0x1 .\CortexM3\ARM_GCC_541\Debug\PRACTICA 5.a(Segments_DMA_Com_dma.o)
                0x1fff80ec                Segments_DMA_Com_DmaHandle
 .data          0x1fff80ed        0x1 .\CortexM3\ARM_GCC_541\Debug\PRACTICA 5.a(Segments_DMA_Seg_dma.o)
                0x1fff80ed                Segments_DMA_Seg_DmaHandle
 .data          0x1fff80ee        0x1 .\CortexM3\ARM_GCC_541\Debug\PRACTICA 5.a(Segments_DMA_BC_dma.o)
                0x1fff80ee                Segments_DMA_BC_DmaHandle
 *fill*         0x1fff80ef        0x1 
 .data.impure_data
                0x1fff80f0       0x60 c:/program files (x86)/cypress/psoc creator/4.4/psoc creator/import/gnu/arm/5.4.1/bin/../lib/gcc/arm-none-eabi/5.4.1/../../../../arm-none-eabi/lib/armv7-m\libg_nano.a(lib_a-impure.o)
 .data._impure_ptr
                0x1fff8150        0x4 c:/program files (x86)/cypress/psoc creator/4.4/psoc creator/import/gnu/arm/5.4.1/bin/../lib/gcc/arm-none-eabi/5.4.1/../../../../arm-none-eabi/lib/armv7-m\libg_nano.a(lib_a-impure.o)
                0x1fff8150                _impure_ptr
                0x1fff8158                . = ALIGN (0x8)
 *fill*         0x1fff8154        0x4 
 *(.ram)
                0x1fff8158                _edata = .

.igot.plt       0x1fff8158        0x0 load address 0x000013d0
 .igot.plt      0x1fff8158        0x0 c:/program files (x86)/cypress/psoc creator/4.4/psoc creator/import/gnu/arm/5.4.1/bin/../lib/gcc/arm-none-eabi/5.4.1/armv7-m/crtbegin.o

.bss            0x1fff8158       0x68 load address 0x000013d0
                0x1fff8158                PROVIDE (__bss_start__, .)
 *(.shbss)
 *(.bss .bss.* .gnu.linkonce.b.*)
 .bss           0x1fff8158       0x1c c:/program files (x86)/cypress/psoc creator/4.4/psoc creator/import/gnu/arm/5.4.1/bin/../lib/gcc/arm-none-eabi/5.4.1/armv7-m/crtbegin.o
 .bss           0x1fff8174       0x1e .\CortexM3\ARM_GCC_541\Debug\main.o
                0x1fff8174                pulsecounter
                0x1fff8176                band380ms
                0x1fff8178                band_2mili
                0x1fff817a                band4seg
                0x1fff817c                mili2segundos
                0x1fff817d                Band_Final
                0x1fff817e                configuration
                0x1fff8180                cnt
                0x1fff8184                contador
                0x1fff8188                T_tiempo
                0x1fff818a                band_tarea1
                0x1fff818c                bandseg
                0x1fff818e                Segundos
                0x1fff818f                BandeBrillo
                0x1fff8190                cnt4seg
                0x1fff8191                TitileoSingularDespla
 *fill*         0x1fff8192        0x2 
 .bss           0x1fff8194       0x1f .\CortexM3\ARM_GCC_541\Debug\PRACTICA 5.a(Segments.o)
                0x1fff81b0                Segments_enableVar
                0x1fff81b2                Segments_initVar
 .bss           0x1fff81b3        0x1 .\CortexM3\ARM_GCC_541\Debug\PRACTICA 5.a(Contador.o)
                0x1fff81b3                Contador_initVar
 *(COMMON)
 COMMON         0x1fff81b4        0x4 .\CortexM3\ARM_GCC_541\Debug\main.o
                0x1fff81b4                cnt_noconf
                0x1fff81b6                cnt_time
 COMMON         0x1fff81b8        0x4 .\CortexM3\ARM_GCC_541\Debug\PRACTICA 5.a(Segments.o)
                0x1fff81b8                Segments_segLBuffer
                0x1fff81c0                . = ALIGN (0x8)
 *fill*         0x1fff81bc        0x4 
 *(.ram.b)
                0x1fff81c0                _end = .
                0x1fff81c0                __end = .
                0x1fff81c0                PROVIDE (end, .)
                0x1fff81c0                PROVIDE (__bss_end__, .)
                0x00001340                __cy_region_init_ram = LOADADDR (.data)
                0x00000090                __cy_region_init_size_ram = (_edata - ADDR (.data))
                0x00000068                __cy_region_zero_size_ram = (_end - _edata)

.heap           0x1fff81c0       0x80 load address 0x000013d0
                0x1fff81c0                . = _end
                0x1fff8240                . = (. + 0x80)
 *fill*         0x1fff81c0       0x80 
                0x1fff8240                __cy_heap_limit = .

.stack          0x20007800      0x800
                0x20007800                __cy_stack_limit = .
                0x20008000                . = (. + 0x800)
 *fill*         0x20007800      0x800 
                0x00000001                ASSERT ((__cy_stack_limit >= __cy_heap_limit), region RAM overflowed with stack)
                0x00000000                cy_checksum_exclude_size = (CY_APPL_LOADABLE == 0x1)?SIZEOF (.cy_checksum_exclude):0x0
                0x00000001                ASSERT ((cy_checksum_exclude_size <= CY_CHECKSUM_EXCLUDE_SIZE), CY_BOOT: Section .cy_checksum_exclude size exceedes specified limit.)

.cyloadermeta
 *(.cyloadermeta)

.cyloadablemeta
 *(.cyloadablemeta)

.cyconfigecc    0x80000000      0x228
 *(.cyconfigecc)
 .cyconfigecc   0x80000000      0x228 .\CortexM3\ARM_GCC_541\Debug\cymetadata.o
                0x80000000                cy_meta_configecc

.cycustnvl      0x90000000        0x4
 *(.cycustnvl)
 .cycustnvl     0x90000000        0x4 .\CortexM3\ARM_GCC_541\Debug\cymetadata.o
                0x90000000                cy_meta_custnvl

.cywolatch      0x90100000        0x4
 *(.cywolatch)
 .cywolatch     0x90100000        0x4 .\CortexM3\ARM_GCC_541\Debug\cymetadata.o
                0x90100000                cy_meta_wonvl

.cyeeprom       0x90200000        0x0
 *(.cyeeprom)
                0x00000001                ASSERT ((. <= ((0x90200000 + ee_offset) + ee_size)), .cyeeprom data will not fit in EEPROM)

.cyflashprotect
                0x90400000      0x100
 *(.cyflashprotect)
 .cyflashprotect
                0x90400000      0x100 .\CortexM3\ARM_GCC_541\Debug\cymetadata.o
                0x90400000                cy_meta_flashprotect

.cymeta         0x90500000        0xc
 *(.cymeta)
 .cymeta        0x90500000        0xc .\CortexM3\ARM_GCC_541\Debug\cymetadata.o
                0x90500000                cy_metadata

.rel.dyn        0x000013d0        0x0 load address 0x9050000c
 .rel.iplt      0x000013d0        0x0 c:/program files (x86)/cypress/psoc creator/4.4/psoc creator/import/gnu/arm/5.4.1/bin/../lib/gcc/arm-none-eabi/5.4.1/armv7-m/crtbegin.o

.stab
 *(.stab)

.stabstr
 *(.stabstr)

.debug
 *(.debug)

.line
 *(.line)

.debug_srcinfo
 *(.debug_srcinfo)

.debug_sfnames
 *(.debug_sfnames)

.debug_aranges  0x00000000      0xaf8
 *(.debug_aranges)
 .debug_aranges
                0x00000000       0x30 .\CortexM3\ARM_GCC_541\Debug\main.o
 .debug_aranges
                0x00000030       0x58 .\CortexM3\ARM_GCC_541\Debug\cyfitter_cfg.o
 .debug_aranges
                0x00000088       0x18 .\CortexM3\ARM_GCC_541\Debug\cymetadata.o
 .debug_aranges
                0x000000a0       0x48 .\CortexM3\ARM_GCC_541\Debug\Cm3Start.o
 .debug_aranges
                0x000000e8       0xd8 .\CortexM3\ARM_GCC_541\Debug\PRACTICA 5.a(CyDmac.o)
 .debug_aranges
                0x000001c0      0x2a0 .\CortexM3\ARM_GCC_541\Debug\PRACTICA 5.a(CyLib.o)
 .debug_aranges
                0x00000460       0x98 .\CortexM3\ARM_GCC_541\Debug\PRACTICA 5.a(cyPm.o)
 .debug_aranges
                0x000004f8       0x80 .\CortexM3\ARM_GCC_541\Debug\PRACTICA 5.a(Interrupt.o)
 .debug_aranges
                0x00000578      0x168 .\CortexM3\ARM_GCC_541\Debug\PRACTICA 5.a(Segments.o)
 .debug_aranges
                0x000006e0       0x80 .\CortexM3\ARM_GCC_541\Debug\PRACTICA 5.a(Contador.o)
 .debug_aranges
                0x00000760       0x80 .\CortexM3\ARM_GCC_541\Debug\PRACTICA 5.a(Timer.o)
 .debug_aranges
                0x000007e0       0x38 .\CortexM3\ARM_GCC_541\Debug\PRACTICA 5.a(SW.o)
 .debug_aranges
                0x00000818       0x38 .\CortexM3\ARM_GCC_541\Debug\PRACTICA 5.a(LEDS.o)
 .debug_aranges
                0x00000850       0x28 .\CortexM3\ARM_GCC_541\Debug\PRACTICA 5.a(Segments_Com_Driver.o)
 .debug_aranges
                0x00000878       0x28 .\CortexM3\ARM_GCC_541\Debug\PRACTICA 5.a(Segments_DMA_Com_dma.o)
 .debug_aranges
                0x000008a0       0x28 .\CortexM3\ARM_GCC_541\Debug\PRACTICA 5.a(Segments_DMA_Seg_dma.o)
 .debug_aranges
                0x000008c8       0x28 .\CortexM3\ARM_GCC_541\Debug\PRACTICA 5.a(Segments_DMA_BC_dma.o)
 .debug_aranges
                0x000008f0       0x38 .\CortexM3\ARM_GCC_541\Debug\PRACTICA 5.a(SW_vel.o)
 .debug_aranges
                0x00000928       0x38 .\CortexM3\ARM_GCC_541\Debug\PRACTICA 5.a(SW_buzz.o)
 .debug_aranges
                0x00000960       0x38 .\CortexM3\ARM_GCC_541\Debug\PRACTICA 5.a(Buzzer.o)
 .debug_aranges
                0x00000998       0x38 .\CortexM3\ARM_GCC_541\Debug\PRACTICA 5.a(DosP.o)
 .debug_aranges
                0x000009d0       0x20 .\CortexM3\ARM_GCC_541\Debug\PRACTICA 5.a(CyBootAsmGnu.o)
 .debug_aranges
                0x000009f0       0x88 .\CortexM3\ARM_GCC_541\Debug\PRACTICA 5.a(CyFlash.o)
 .debug_aranges
                0x00000a78       0x80 .\CortexM3\ARM_GCC_541\Debug\PRACTICA 5.a(CySpc.o)

.debug_pubnames
 *(.debug_pubnames)

.debug_info     0x00000000     0x6ec9
 *(.debug_info .gnu.linkonce.wi.*)
 .debug_info    0x00000000      0x5d2 .\CortexM3\ARM_GCC_541\Debug\main.o
 .debug_info    0x000005d2      0x54b .\CortexM3\ARM_GCC_541\Debug\cyfitter_cfg.o
 .debug_info    0x00000b1d      0x135 .\CortexM3\ARM_GCC_541\Debug\cymetadata.o
 .debug_info    0x00000c52      0x3cf .\CortexM3\ARM_GCC_541\Debug\Cm3Start.o
 .debug_info    0x00001021      0x94e .\CortexM3\ARM_GCC_541\Debug\PRACTICA 5.a(CyDmac.o)
 .debug_info    0x0000196f     0x1374 .\CortexM3\ARM_GCC_541\Debug\PRACTICA 5.a(CyLib.o)
 .debug_info    0x00002ce3      0xa2a .\CortexM3\ARM_GCC_541\Debug\PRACTICA 5.a(cyPm.o)
 .debug_info    0x0000370d      0x2d2 .\CortexM3\ARM_GCC_541\Debug\PRACTICA 5.a(Interrupt.o)
 .debug_info    0x000039df     0x1691 .\CortexM3\ARM_GCC_541\Debug\PRACTICA 5.a(Segments.o)
 .debug_info    0x00005070      0x28d .\CortexM3\ARM_GCC_541\Debug\PRACTICA 5.a(Contador.o)
 .debug_info    0x000052fd      0x2d2 .\CortexM3\ARM_GCC_541\Debug\PRACTICA 5.a(Timer.o)
 .debug_info    0x000055cf      0x11f .\CortexM3\ARM_GCC_541\Debug\PRACTICA 5.a(SW.o)
 .debug_info    0x000056ee      0x11f .\CortexM3\ARM_GCC_541\Debug\PRACTICA 5.a(LEDS.o)
 .debug_info    0x0000580d       0xd6 .\CortexM3\ARM_GCC_541\Debug\PRACTICA 5.a(Segments_Com_Driver.o)
 .debug_info    0x000058e3      0x1a7 .\CortexM3\ARM_GCC_541\Debug\PRACTICA 5.a(Segments_DMA_Com_dma.o)
 .debug_info    0x00005a8a      0x1a9 .\CortexM3\ARM_GCC_541\Debug\PRACTICA 5.a(Segments_DMA_Seg_dma.o)
 .debug_info    0x00005c33      0x1aa .\CortexM3\ARM_GCC_541\Debug\PRACTICA 5.a(Segments_DMA_BC_dma.o)
 .debug_info    0x00005ddd      0x11f .\CortexM3\ARM_GCC_541\Debug\PRACTICA 5.a(SW_vel.o)
 .debug_info    0x00005efc      0x11f .\CortexM3\ARM_GCC_541\Debug\PRACTICA 5.a(SW_buzz.o)
 .debug_info    0x0000601b      0x11f .\CortexM3\ARM_GCC_541\Debug\PRACTICA 5.a(Buzzer.o)
 .debug_info    0x0000613a      0x11f .\CortexM3\ARM_GCC_541\Debug\PRACTICA 5.a(DosP.o)
 .debug_info    0x00006259       0xd3 .\CortexM3\ARM_GCC_541\Debug\PRACTICA 5.a(CyBootAsmGnu.o)
 .debug_info    0x0000632c      0x64d .\CortexM3\ARM_GCC_541\Debug\PRACTICA 5.a(CyFlash.o)
 .debug_info    0x00006979      0x550 .\CortexM3\ARM_GCC_541\Debug\PRACTICA 5.a(CySpc.o)

.debug_abbrev   0x00000000     0x1a70
 *(.debug_abbrev)
 .debug_abbrev  0x00000000       0xfc .\CortexM3\ARM_GCC_541\Debug\main.o
 .debug_abbrev  0x000000fc      0x1fe .\CortexM3\ARM_GCC_541\Debug\cyfitter_cfg.o
 .debug_abbrev  0x000002fa       0x66 .\CortexM3\ARM_GCC_541\Debug\cymetadata.o
 .debug_abbrev  0x00000360      0x1e8 .\CortexM3\ARM_GCC_541\Debug\Cm3Start.o
 .debug_abbrev  0x00000548      0x1b2 .\CortexM3\ARM_GCC_541\Debug\PRACTICA 5.a(CyDmac.o)
 .debug_abbrev  0x000006fa      0x254 .\CortexM3\ARM_GCC_541\Debug\PRACTICA 5.a(CyLib.o)
 .debug_abbrev  0x0000094e      0x1ab .\CortexM3\ARM_GCC_541\Debug\PRACTICA 5.a(cyPm.o)
 .debug_abbrev  0x00000af9      0x173 .\CortexM3\ARM_GCC_541\Debug\PRACTICA 5.a(Interrupt.o)
 .debug_abbrev  0x00000c6c      0x1d8 .\CortexM3\ARM_GCC_541\Debug\PRACTICA 5.a(Segments.o)
 .debug_abbrev  0x00000e44      0x122 .\CortexM3\ARM_GCC_541\Debug\PRACTICA 5.a(Contador.o)
 .debug_abbrev  0x00000f66      0x173 .\CortexM3\ARM_GCC_541\Debug\PRACTICA 5.a(Timer.o)
 .debug_abbrev  0x000010d9       0x90 .\CortexM3\ARM_GCC_541\Debug\PRACTICA 5.a(SW.o)
 .debug_abbrev  0x00001169       0x90 .\CortexM3\ARM_GCC_541\Debug\PRACTICA 5.a(LEDS.o)
 .debug_abbrev  0x000011f9       0x81 .\CortexM3\ARM_GCC_541\Debug\PRACTICA 5.a(Segments_Com_Driver.o)
 .debug_abbrev  0x0000127a       0xcd .\CortexM3\ARM_GCC_541\Debug\PRACTICA 5.a(Segments_DMA_Com_dma.o)
 .debug_abbrev  0x00001347       0xcd .\CortexM3\ARM_GCC_541\Debug\PRACTICA 5.a(Segments_DMA_Seg_dma.o)
 .debug_abbrev  0x00001414       0xcd .\CortexM3\ARM_GCC_541\Debug\PRACTICA 5.a(Segments_DMA_BC_dma.o)
 .debug_abbrev  0x000014e1       0x90 .\CortexM3\ARM_GCC_541\Debug\PRACTICA 5.a(SW_vel.o)
 .debug_abbrev  0x00001571       0x90 .\CortexM3\ARM_GCC_541\Debug\PRACTICA 5.a(SW_buzz.o)
 .debug_abbrev  0x00001601       0x90 .\CortexM3\ARM_GCC_541\Debug\PRACTICA 5.a(Buzzer.o)
 .debug_abbrev  0x00001691       0x90 .\CortexM3\ARM_GCC_541\Debug\PRACTICA 5.a(DosP.o)
 .debug_abbrev  0x00001721       0x14 .\CortexM3\ARM_GCC_541\Debug\PRACTICA 5.a(CyBootAsmGnu.o)
 .debug_abbrev  0x00001735      0x1a7 .\CortexM3\ARM_GCC_541\Debug\PRACTICA 5.a(CyFlash.o)
 .debug_abbrev  0x000018dc      0x194 .\CortexM3\ARM_GCC_541\Debug\PRACTICA 5.a(CySpc.o)

.debug_line     0x00000000     0x2d02
 *(.debug_line)
 .debug_line    0x00000000      0x2d4 .\CortexM3\ARM_GCC_541\Debug\main.o
 .debug_line    0x000002d4      0x1df .\CortexM3\ARM_GCC_541\Debug\cyfitter_cfg.o
 .debug_line    0x000004b3      0x141 .\CortexM3\ARM_GCC_541\Debug\cymetadata.o
 .debug_line    0x000005f4      0x241 .\CortexM3\ARM_GCC_541\Debug\Cm3Start.o
 .debug_line    0x00000835      0x2e4 .\CortexM3\ARM_GCC_541\Debug\PRACTICA 5.a(CyDmac.o)
 .debug_line    0x00000b19      0x816 .\CortexM3\ARM_GCC_541\Debug\PRACTICA 5.a(CyLib.o)
 .debug_line    0x0000132f      0x367 .\CortexM3\ARM_GCC_541\Debug\PRACTICA 5.a(cyPm.o)
 .debug_line    0x00001696      0x136 .\CortexM3\ARM_GCC_541\Debug\PRACTICA 5.a(Interrupt.o)
 .debug_line    0x000017cc      0x83c .\CortexM3\ARM_GCC_541\Debug\PRACTICA 5.a(Segments.o)
 .debug_line    0x00002008      0x15c .\CortexM3\ARM_GCC_541\Debug\PRACTICA 5.a(Contador.o)
 .debug_line    0x00002164      0x132 .\CortexM3\ARM_GCC_541\Debug\PRACTICA 5.a(Timer.o)
 .debug_line    0x00002296       0x8f .\CortexM3\ARM_GCC_541\Debug\PRACTICA 5.a(SW.o)
 .debug_line    0x00002325       0x91 .\CortexM3\ARM_GCC_541\Debug\PRACTICA 5.a(LEDS.o)
 .debug_line    0x000023b6       0x7b .\CortexM3\ARM_GCC_541\Debug\PRACTICA 5.a(Segments_Com_Driver.o)
 .debug_line    0x00002431       0x8d .\CortexM3\ARM_GCC_541\Debug\PRACTICA 5.a(Segments_DMA_Com_dma.o)
 .debug_line    0x000024be       0x8d .\CortexM3\ARM_GCC_541\Debug\PRACTICA 5.a(Segments_DMA_Seg_dma.o)
 .debug_line    0x0000254b       0x8c .\CortexM3\ARM_GCC_541\Debug\PRACTICA 5.a(Segments_DMA_BC_dma.o)
 .debug_line    0x000025d7       0x93 .\CortexM3\ARM_GCC_541\Debug\PRACTICA 5.a(SW_vel.o)
 .debug_line    0x0000266a       0x94 .\CortexM3\ARM_GCC_541\Debug\PRACTICA 5.a(SW_buzz.o)
 .debug_line    0x000026fe       0x93 .\CortexM3\ARM_GCC_541\Debug\PRACTICA 5.a(Buzzer.o)
 .debug_line    0x00002791       0x91 .\CortexM3\ARM_GCC_541\Debug\PRACTICA 5.a(DosP.o)
 .debug_line    0x00002822       0x66 .\CortexM3\ARM_GCC_541\Debug\PRACTICA 5.a(CyBootAsmGnu.o)
 .debug_line    0x00002888      0x21a .\CortexM3\ARM_GCC_541\Debug\PRACTICA 5.a(CyFlash.o)
 .debug_line    0x00002aa2      0x260 .\CortexM3\ARM_GCC_541\Debug\PRACTICA 5.a(CySpc.o)

.debug_frame    0x00000000     0x1bb4
 *(.debug_frame)
 .debug_frame   0x00000000       0x4c .\CortexM3\ARM_GCC_541\Debug\main.o
 .debug_frame   0x0000004c       0xe4 .\CortexM3\ARM_GCC_541\Debug\cyfitter_cfg.o
 .debug_frame   0x00000130       0xb8 .\CortexM3\ARM_GCC_541\Debug\Cm3Start.o
 .debug_frame   0x000001e8      0x1f8 .\CortexM3\ARM_GCC_541\Debug\PRACTICA 5.a(CyDmac.o)
 .debug_frame   0x000003e0      0x738 .\CortexM3\ARM_GCC_541\Debug\PRACTICA 5.a(CyLib.o)
 .debug_frame   0x00000b18      0x1f8 .\CortexM3\ARM_GCC_541\Debug\PRACTICA 5.a(cyPm.o)
 .debug_frame   0x00000d10      0x104 .\CortexM3\ARM_GCC_541\Debug\PRACTICA 5.a(Interrupt.o)
 .debug_frame   0x00000e14      0x4bc .\CortexM3\ARM_GCC_541\Debug\PRACTICA 5.a(Segments.o)
 .debug_frame   0x000012d0      0x104 .\CortexM3\ARM_GCC_541\Debug\PRACTICA 5.a(Contador.o)
 .debug_frame   0x000013d4      0x104 .\CortexM3\ARM_GCC_541\Debug\PRACTICA 5.a(Timer.o)
 .debug_frame   0x000014d8       0x50 .\CortexM3\ARM_GCC_541\Debug\PRACTICA 5.a(SW.o)
 .debug_frame   0x00001528       0x50 .\CortexM3\ARM_GCC_541\Debug\PRACTICA 5.a(LEDS.o)
 .debug_frame   0x00001578       0x30 .\CortexM3\ARM_GCC_541\Debug\PRACTICA 5.a(Segments_Com_Driver.o)
 .debug_frame   0x000015a8       0x54 .\CortexM3\ARM_GCC_541\Debug\PRACTICA 5.a(Segments_DMA_Com_dma.o)
 .debug_frame   0x000015fc       0x54 .\CortexM3\ARM_GCC_541\Debug\PRACTICA 5.a(Segments_DMA_Seg_dma.o)
 .debug_frame   0x00001650       0x54 .\CortexM3\ARM_GCC_541\Debug\PRACTICA 5.a(Segments_DMA_BC_dma.o)
 .debug_frame   0x000016a4       0x50 .\CortexM3\ARM_GCC_541\Debug\PRACTICA 5.a(SW_vel.o)
 .debug_frame   0x000016f4       0x50 .\CortexM3\ARM_GCC_541\Debug\PRACTICA 5.a(SW_buzz.o)
 .debug_frame   0x00001744       0x50 .\CortexM3\ARM_GCC_541\Debug\PRACTICA 5.a(Buzzer.o)
 .debug_frame   0x00001794       0x50 .\CortexM3\ARM_GCC_541\Debug\PRACTICA 5.a(DosP.o)
 .debug_frame   0x000017e4      0x194 .\CortexM3\ARM_GCC_541\Debug\PRACTICA 5.a(CyFlash.o)
 .debug_frame   0x00001978      0x180 .\CortexM3\ARM_GCC_541\Debug\PRACTICA 5.a(CySpc.o)
 .debug_frame   0x00001af8       0x20 c:/program files (x86)/cypress/psoc creator/4.4/psoc creator/import/gnu/arm/5.4.1/bin/../lib/gcc/arm-none-eabi/5.4.1/../../../../arm-none-eabi/lib/armv7-m\libg_nano.a(lib_a-errno.o)
 .debug_frame   0x00001b18       0x28 c:/program files (x86)/cypress/psoc creator/4.4/psoc creator/import/gnu/arm/5.4.1/bin/../lib/gcc/arm-none-eabi/5.4.1/../../../../arm-none-eabi/lib/armv7-m\libg_nano.a(lib_a-exit.o)
 .debug_frame   0x00001b40       0x2c c:/program files (x86)/cypress/psoc creator/4.4/psoc creator/import/gnu/arm/5.4.1/bin/../lib/gcc/arm-none-eabi/5.4.1/../../../../arm-none-eabi/lib/armv7-m\libg_nano.a(lib_a-init.o)
 .debug_frame   0x00001b6c       0x28 c:/program files (x86)/cypress/psoc creator/4.4/psoc creator/import/gnu/arm/5.4.1/bin/../lib/gcc/arm-none-eabi/5.4.1/../../../../arm-none-eabi/lib/armv7-m\libg_nano.a(lib_a-memcpy-stub.o)
 .debug_frame   0x00001b94       0x20 c:/program files (x86)/cypress/psoc creator/4.4/psoc creator/import/gnu/arm/5.4.1/bin/../lib/gcc/arm-none-eabi/5.4.1/../../../../arm-none-eabi/lib/armv7-m\libg_nano.a(lib_a-memset.o)

.debug_str      0x00000000     0x25e2
 *(.debug_str)
 .debug_str     0x00000000      0x35f .\CortexM3\ARM_GCC_541\Debug\main.o
                                0x3a7 (size before relaxing)
 .debug_str     0x0000035f      0x17a .\CortexM3\ARM_GCC_541\Debug\cyfitter_cfg.o
                                0x352 (size before relaxing)
 .debug_str     0x000004d9       0x7f .\CortexM3\ARM_GCC_541\Debug\cymetadata.o
                                0x227 (size before relaxing)
 .debug_str     0x00000558      0x154 .\CortexM3\ARM_GCC_541\Debug\Cm3Start.o
                                0x35d (size before relaxing)
 .debug_str     0x000006ac      0x384 .\CortexM3\ARM_GCC_541\Debug\PRACTICA 5.a(CyDmac.o)
                                0x58d (size before relaxing)
 .debug_str     0x00000a30      0x7f9 .\CortexM3\ARM_GCC_541\Debug\PRACTICA 5.a(CyLib.o)
                                0xa8a (size before relaxing)
 .debug_str     0x00001229      0x365 .\CortexM3\ARM_GCC_541\Debug\PRACTICA 5.a(cyPm.o)
                                0x776 (size before relaxing)
 .debug_str     0x0000158e      0x10c .\CortexM3\ARM_GCC_541\Debug\PRACTICA 5.a(Interrupt.o)
                                0x321 (size before relaxing)
 .debug_str     0x0000169a      0x721 .\CortexM3\ARM_GCC_541\Debug\PRACTICA 5.a(Segments.o)
                                0xa2b (size before relaxing)
 .debug_str     0x00001dbb      0x157 .\CortexM3\ARM_GCC_541\Debug\PRACTICA 5.a(Contador.o)
                                0x34b (size before relaxing)
 .debug_str     0x00001f12       0xd8 .\CortexM3\ARM_GCC_541\Debug\PRACTICA 5.a(Timer.o)
                                0x2e9 (size before relaxing)
 .debug_str     0x00001fea       0x4f .\CortexM3\ARM_GCC_541\Debug\PRACTICA 5.a(SW.o)
                                0x216 (size before relaxing)
 .debug_str     0x00002039       0x4b .\CortexM3\ARM_GCC_541\Debug\PRACTICA 5.a(LEDS.o)
                                0x220 (size before relaxing)
 .debug_str     0x00002084       0x46 .\CortexM3\ARM_GCC_541\Debug\PRACTICA 5.a(Segments_Com_Driver.o)
                                0x21c (size before relaxing)
 .debug_str     0x000020ca       0xa0 .\CortexM3\ARM_GCC_541\Debug\PRACTICA 5.a(Segments_DMA_Com_dma.o)
                                0x2db (size before relaxing)
 .debug_str     0x0000216a       0x65 .\CortexM3\ARM_GCC_541\Debug\PRACTICA 5.a(Segments_DMA_Seg_dma.o)
                                0x2db (size before relaxing)
 .debug_str     0x000021cf       0x62 .\CortexM3\ARM_GCC_541\Debug\PRACTICA 5.a(Segments_DMA_BC_dma.o)
                                0x2d7 (size before relaxing)
 .debug_str     0x00002231       0x54 .\CortexM3\ARM_GCC_541\Debug\PRACTICA 5.a(SW_vel.o)
                                0x22a (size before relaxing)
 .debug_str     0x00002285       0x58 .\CortexM3\ARM_GCC_541\Debug\PRACTICA 5.a(SW_buzz.o)
                                0x22f (size before relaxing)
 .debug_str     0x000022dd       0x53 .\CortexM3\ARM_GCC_541\Debug\PRACTICA 5.a(Buzzer.o)
                                0x22a (size before relaxing)
 .debug_str     0x00002330       0x4b .\CortexM3\ARM_GCC_541\Debug\PRACTICA 5.a(DosP.o)
                                0x220 (size before relaxing)
 .debug_str     0x0000237b      0x1bb .\CortexM3\ARM_GCC_541\Debug\PRACTICA 5.a(CyFlash.o)
                                0x403 (size before relaxing)
 .debug_str     0x00002536       0xac .\CortexM3\ARM_GCC_541\Debug\PRACTICA 5.a(CySpc.o)
                                0x37b (size before relaxing)

.debug_loc      0x00000000     0x410d
 *(.debug_loc)
 .debug_loc     0x00000000      0x1d7 .\CortexM3\ARM_GCC_541\Debug\cyfitter_cfg.o
 .debug_loc     0x000001d7      0x144 .\CortexM3\ARM_GCC_541\Debug\Cm3Start.o
 .debug_loc     0x0000031b      0xb8e .\CortexM3\ARM_GCC_541\Debug\PRACTICA 5.a(CyDmac.o)
 .debug_loc     0x00000ea9      0xa11 .\CortexM3\ARM_GCC_541\Debug\PRACTICA 5.a(CyLib.o)
 .debug_loc     0x000018ba      0x1e4 .\CortexM3\ARM_GCC_541\Debug\PRACTICA 5.a(cyPm.o)
 .debug_loc     0x00001a9e       0x56 .\CortexM3\ARM_GCC_541\Debug\PRACTICA 5.a(Interrupt.o)
 .debug_loc     0x00001af4     0x17d3 .\CortexM3\ARM_GCC_541\Debug\PRACTICA 5.a(Segments.o)
 .debug_loc     0x000032c7       0x21 .\CortexM3\ARM_GCC_541\Debug\PRACTICA 5.a(Contador.o)
 .debug_loc     0x000032e8       0x56 .\CortexM3\ARM_GCC_541\Debug\PRACTICA 5.a(Timer.o)
 .debug_loc     0x0000333e       0x42 .\CortexM3\ARM_GCC_541\Debug\PRACTICA 5.a(SW.o)
 .debug_loc     0x00003380       0x42 .\CortexM3\ARM_GCC_541\Debug\PRACTICA 5.a(LEDS.o)
 .debug_loc     0x000033c2       0x84 .\CortexM3\ARM_GCC_541\Debug\PRACTICA 5.a(Segments_DMA_Com_dma.o)
 .debug_loc     0x00003446       0x84 .\CortexM3\ARM_GCC_541\Debug\PRACTICA 5.a(Segments_DMA_Seg_dma.o)
 .debug_loc     0x000034ca       0x84 .\CortexM3\ARM_GCC_541\Debug\PRACTICA 5.a(Segments_DMA_BC_dma.o)
 .debug_loc     0x0000354e       0x42 .\CortexM3\ARM_GCC_541\Debug\PRACTICA 5.a(SW_vel.o)
 .debug_loc     0x00003590       0x42 .\CortexM3\ARM_GCC_541\Debug\PRACTICA 5.a(SW_buzz.o)
 .debug_loc     0x000035d2       0x42 .\CortexM3\ARM_GCC_541\Debug\PRACTICA 5.a(Buzzer.o)
 .debug_loc     0x00003614       0x42 .\CortexM3\ARM_GCC_541\Debug\PRACTICA 5.a(DosP.o)
 .debug_loc     0x00003656      0x3b2 .\CortexM3\ARM_GCC_541\Debug\PRACTICA 5.a(CyFlash.o)
 .debug_loc     0x00003a08      0x705 .\CortexM3\ARM_GCC_541\Debug\PRACTICA 5.a(CySpc.o)

.debug_macinfo
 *(.debug_macinfo)

.debug_ranges   0x00000000      0x960
 *(.debug_ranges)
 .debug_ranges  0x00000000       0x20 .\CortexM3\ARM_GCC_541\Debug\main.o
 .debug_ranges  0x00000020       0x48 .\CortexM3\ARM_GCC_541\Debug\cyfitter_cfg.o
 .debug_ranges  0x00000068       0x38 .\CortexM3\ARM_GCC_541\Debug\Cm3Start.o
 .debug_ranges  0x000000a0       0xc8 .\CortexM3\ARM_GCC_541\Debug\PRACTICA 5.a(CyDmac.o)
 .debug_ranges  0x00000168      0x290 .\CortexM3\ARM_GCC_541\Debug\PRACTICA 5.a(CyLib.o)
 .debug_ranges  0x000003f8       0x88 .\CortexM3\ARM_GCC_541\Debug\PRACTICA 5.a(cyPm.o)
 .debug_ranges  0x00000480       0x70 .\CortexM3\ARM_GCC_541\Debug\PRACTICA 5.a(Interrupt.o)
 .debug_ranges  0x000004f0      0x158 .\CortexM3\ARM_GCC_541\Debug\PRACTICA 5.a(Segments.o)
 .debug_ranges  0x00000648       0x70 .\CortexM3\ARM_GCC_541\Debug\PRACTICA 5.a(Contador.o)
 .debug_ranges  0x000006b8       0x70 .\CortexM3\ARM_GCC_541\Debug\PRACTICA 5.a(Timer.o)
 .debug_ranges  0x00000728       0x28 .\CortexM3\ARM_GCC_541\Debug\PRACTICA 5.a(SW.o)
 .debug_ranges  0x00000750       0x28 .\CortexM3\ARM_GCC_541\Debug\PRACTICA 5.a(LEDS.o)
 .debug_ranges  0x00000778       0x18 .\CortexM3\ARM_GCC_541\Debug\PRACTICA 5.a(Segments_Com_Driver.o)
 .debug_ranges  0x00000790       0x18 .\CortexM3\ARM_GCC_541\Debug\PRACTICA 5.a(Segments_DMA_Com_dma.o)
 .debug_ranges  0x000007a8       0x18 .\CortexM3\ARM_GCC_541\Debug\PRACTICA 5.a(Segments_DMA_Seg_dma.o)
 .debug_ranges  0x000007c0       0x18 .\CortexM3\ARM_GCC_541\Debug\PRACTICA 5.a(Segments_DMA_BC_dma.o)
 .debug_ranges  0x000007d8       0x28 .\CortexM3\ARM_GCC_541\Debug\PRACTICA 5.a(SW_vel.o)
 .debug_ranges  0x00000800       0x28 .\CortexM3\ARM_GCC_541\Debug\PRACTICA 5.a(SW_buzz.o)
 .debug_ranges  0x00000828       0x28 .\CortexM3\ARM_GCC_541\Debug\PRACTICA 5.a(Buzzer.o)
 .debug_ranges  0x00000850       0x28 .\CortexM3\ARM_GCC_541\Debug\PRACTICA 5.a(DosP.o)
 .debug_ranges  0x00000878       0x78 .\CortexM3\ARM_GCC_541\Debug\PRACTICA 5.a(CyFlash.o)
 .debug_ranges  0x000008f0       0x70 .\CortexM3\ARM_GCC_541\Debug\PRACTICA 5.a(CySpc.o)

.comment        0x00000000       0x6e
 .comment       0x00000000       0x6e .\CortexM3\ARM_GCC_541\Debug\main.o
                                 0x6f (size before relaxing)
 .comment       0x0000006e       0x6f .\CortexM3\ARM_GCC_541\Debug\cyfitter_cfg.o
 .comment       0x0000006e       0x6f .\CortexM3\ARM_GCC_541\Debug\cymetadata.o
 .comment       0x0000006e       0x6f .\CortexM3\ARM_GCC_541\Debug\Cm3Start.o
 .comment       0x0000006e       0x6f .\CortexM3\ARM_GCC_541\Debug\PRACTICA 5.a(CyDmac.o)
 .comment       0x0000006e       0x6f .\CortexM3\ARM_GCC_541\Debug\PRACTICA 5.a(CyLib.o)
 .comment       0x0000006e       0x6f .\CortexM3\ARM_GCC_541\Debug\PRACTICA 5.a(cyPm.o)
 .comment       0x0000006e       0x6f .\CortexM3\ARM_GCC_541\Debug\PRACTICA 5.a(Interrupt.o)
 .comment       0x0000006e       0x6f .\CortexM3\ARM_GCC_541\Debug\PRACTICA 5.a(Segments.o)
 .comment       0x0000006e       0x6f .\CortexM3\ARM_GCC_541\Debug\PRACTICA 5.a(Contador.o)
 .comment       0x0000006e       0x6f .\CortexM3\ARM_GCC_541\Debug\PRACTICA 5.a(Timer.o)
 .comment       0x0000006e       0x6f .\CortexM3\ARM_GCC_541\Debug\PRACTICA 5.a(SW.o)
 .comment       0x0000006e       0x6f .\CortexM3\ARM_GCC_541\Debug\PRACTICA 5.a(LEDS.o)
 .comment       0x0000006e       0x6f .\CortexM3\ARM_GCC_541\Debug\PRACTICA 5.a(Segments_Com_Driver.o)
 .comment       0x0000006e       0x6f .\CortexM3\ARM_GCC_541\Debug\PRACTICA 5.a(Segments_DMA_Com_dma.o)
 .comment       0x0000006e       0x6f .\CortexM3\ARM_GCC_541\Debug\PRACTICA 5.a(Segments_DMA_Seg_dma.o)
 .comment       0x0000006e       0x6f .\CortexM3\ARM_GCC_541\Debug\PRACTICA 5.a(Segments_DMA_BC_dma.o)
 .comment       0x0000006e       0x6f .\CortexM3\ARM_GCC_541\Debug\PRACTICA 5.a(SW_vel.o)
 .comment       0x0000006e       0x6f .\CortexM3\ARM_GCC_541\Debug\PRACTICA 5.a(SW_buzz.o)
 .comment       0x0000006e       0x6f .\CortexM3\ARM_GCC_541\Debug\PRACTICA 5.a(Buzzer.o)
 .comment       0x0000006e       0x6f .\CortexM3\ARM_GCC_541\Debug\PRACTICA 5.a(DosP.o)
 .comment       0x0000006e       0x6f .\CortexM3\ARM_GCC_541\Debug\PRACTICA 5.a(CyFlash.o)
 .comment       0x0000006e       0x6f .\CortexM3\ARM_GCC_541\Debug\PRACTICA 5.a(CySpc.o)

.debug_weaknames
 *(.debug_weaknames)

.debug_funcnames
 *(.debug_funcnames)

.debug_typenames
 *(.debug_typenames)

.debug_varnames
 *(.debug_varnames)

.note.gnu.arm.ident
 *(.note.gnu.arm.ident)

.ARM.attributes
                0x00000000       0x29
 *(.ARM.attributes)
 .ARM.attributes
                0x00000000       0x1d c:/program files (x86)/cypress/psoc creator/4.4/psoc creator/import/gnu/arm/5.4.1/bin/../lib/gcc/arm-none-eabi/5.4.1/armv7-m/crti.o
 .ARM.attributes
                0x0000001d       0x2d c:/program files (x86)/cypress/psoc creator/4.4/psoc creator/import/gnu/arm/5.4.1/bin/../lib/gcc/arm-none-eabi/5.4.1/armv7-m/crtbegin.o
 .ARM.attributes
                0x0000004a       0x1b c:/program files (x86)/cypress/psoc creator/4.4/psoc creator/import/gnu/arm/5.4.1/bin/../lib/gcc/arm-none-eabi/5.4.1/../../../../arm-none-eabi/lib/armv7-m/crt0.o
 .ARM.attributes
                0x00000065       0x33 .\CortexM3\ARM_GCC_541\Debug\main.o
 .ARM.attributes
                0x00000098       0x33 .\CortexM3\ARM_GCC_541\Debug\cyfitter_cfg.o
 .ARM.attributes
                0x000000cb       0x33 .\CortexM3\ARM_GCC_541\Debug\cymetadata.o
 .ARM.attributes
                0x000000fe       0x33 .\CortexM3\ARM_GCC_541\Debug\Cm3Start.o
 .ARM.attributes
                0x00000131       0x33 .\CortexM3\ARM_GCC_541\Debug\PRACTICA 5.a(CyDmac.o)
 .ARM.attributes
                0x00000164       0x33 .\CortexM3\ARM_GCC_541\Debug\PRACTICA 5.a(CyLib.o)
 .ARM.attributes
                0x00000197       0x33 .\CortexM3\ARM_GCC_541\Debug\PRACTICA 5.a(cyPm.o)
 .ARM.attributes
                0x000001ca       0x33 .\CortexM3\ARM_GCC_541\Debug\PRACTICA 5.a(Interrupt.o)
 .ARM.attributes
                0x000001fd       0x33 .\CortexM3\ARM_GCC_541\Debug\PRACTICA 5.a(Segments.o)
 .ARM.attributes
                0x00000230       0x33 .\CortexM3\ARM_GCC_541\Debug\PRACTICA 5.a(Contador.o)
 .ARM.attributes
                0x00000263       0x33 .\CortexM3\ARM_GCC_541\Debug\PRACTICA 5.a(Timer.o)
 .ARM.attributes
                0x00000296       0x33 .\CortexM3\ARM_GCC_541\Debug\PRACTICA 5.a(SW.o)
 .ARM.attributes
                0x000002c9       0x33 .\CortexM3\ARM_GCC_541\Debug\PRACTICA 5.a(LEDS.o)
 .ARM.attributes
                0x000002fc       0x33 .\CortexM3\ARM_GCC_541\Debug\PRACTICA 5.a(Segments_Com_Driver.o)
 .ARM.attributes
                0x0000032f       0x33 .\CortexM3\ARM_GCC_541\Debug\PRACTICA 5.a(Segments_DMA_Com_dma.o)
 .ARM.attributes
                0x00000362       0x33 .\CortexM3\ARM_GCC_541\Debug\PRACTICA 5.a(Segments_DMA_Seg_dma.o)
 .ARM.attributes
                0x00000395       0x33 .\CortexM3\ARM_GCC_541\Debug\PRACTICA 5.a(Segments_DMA_BC_dma.o)
 .ARM.attributes
                0x000003c8       0x33 .\CortexM3\ARM_GCC_541\Debug\PRACTICA 5.a(SW_vel.o)
 .ARM.attributes
                0x000003fb       0x33 .\CortexM3\ARM_GCC_541\Debug\PRACTICA 5.a(SW_buzz.o)
 .ARM.attributes
                0x0000042e       0x33 .\CortexM3\ARM_GCC_541\Debug\PRACTICA 5.a(Buzzer.o)
 .ARM.attributes
                0x00000461       0x33 .\CortexM3\ARM_GCC_541\Debug\PRACTICA 5.a(DosP.o)
 .ARM.attributes
                0x00000494       0x21 .\CortexM3\ARM_GCC_541\Debug\PRACTICA 5.a(CyBootAsmGnu.o)
 .ARM.attributes
                0x000004b5       0x33 .\CortexM3\ARM_GCC_541\Debug\PRACTICA 5.a(CyFlash.o)
 .ARM.attributes
                0x000004e8       0x33 .\CortexM3\ARM_GCC_541\Debug\PRACTICA 5.a(CySpc.o)
 .ARM.attributes
                0x0000051b       0x2d c:/program files (x86)/cypress/psoc creator/4.4/psoc creator/import/gnu/arm/5.4.1/bin/../lib/gcc/arm-none-eabi/5.4.1/../../../../arm-none-eabi/lib/armv7-m\libg_nano.a(lib_a-errno.o)
 .ARM.attributes
                0x00000548       0x2d c:/program files (x86)/cypress/psoc creator/4.4/psoc creator/import/gnu/arm/5.4.1/bin/../lib/gcc/arm-none-eabi/5.4.1/../../../../arm-none-eabi/lib/armv7-m\libg_nano.a(lib_a-exit.o)
 .ARM.attributes
                0x00000575       0x2d c:/program files (x86)/cypress/psoc creator/4.4/psoc creator/import/gnu/arm/5.4.1/bin/../lib/gcc/arm-none-eabi/5.4.1/../../../../arm-none-eabi/lib/armv7-m\libg_nano.a(lib_a-impure.o)
 .ARM.attributes
                0x000005a2       0x2d c:/program files (x86)/cypress/psoc creator/4.4/psoc creator/import/gnu/arm/5.4.1/bin/../lib/gcc/arm-none-eabi/5.4.1/../../../../arm-none-eabi/lib/armv7-m\libg_nano.a(lib_a-init.o)
 .ARM.attributes
                0x000005cf       0x2d c:/program files (x86)/cypress/psoc creator/4.4/psoc creator/import/gnu/arm/5.4.1/bin/../lib/gcc/arm-none-eabi/5.4.1/../../../../arm-none-eabi/lib/armv7-m\libg_nano.a(lib_a-memcpy-stub.o)
 .ARM.attributes
                0x000005fc       0x2d c:/program files (x86)/cypress/psoc creator/4.4/psoc creator/import/gnu/arm/5.4.1/bin/../lib/gcc/arm-none-eabi/5.4.1/../../../../arm-none-eabi/lib/armv7-m\libg_nano.a(lib_a-memset.o)
 .ARM.attributes
                0x00000629       0x17 c:/program files (x86)/cypress/psoc creator/4.4/psoc creator/import/gnu/arm/5.4.1/bin/../lib/gcc/arm-none-eabi/5.4.1/../../../../arm-none-eabi/lib/armv7-m\libg_nano.a(lib_a-strlen.o)
 .ARM.attributes
                0x00000640       0x2d c:/program files (x86)/cypress/psoc creator/4.4/psoc creator/import/gnu/arm/5.4.1/bin/../lib/gcc/arm-none-eabi/5.4.1/armv7-m/crtend.o
 .ARM.attributes
                0x0000066d       0x1d c:/program files (x86)/cypress/psoc creator/4.4/psoc creator/import/gnu/arm/5.4.1/bin/../lib/gcc/arm-none-eabi/5.4.1/armv7-m/crtn.o

/DISCARD/
 *(.note.GNU-stack)
OUTPUT(C:\Users\Esteban\OneDrive - Universidad de Antioquia\SEMESTRE 2023-1\DISPOSITIVOS PROGRAMABLES\INDIVIDUAL\Practica5\PRACTICA 5.cydsn\CortexM3\ARM_GCC_541\Debug\PRACTICA 5.elf elf32-littlearm)
