Archive member included to satisfy reference by file (symbol)

.\CortexM3\ARM_GCC_541\Debug\PRACTICA 5.a(CyDmac.o)
                              .\CortexM3\ARM_GCC_541\Debug\Cm3Start.o (CyDmacConfigure)
.\CortexM3\ARM_GCC_541\Debug\PRACTICA 5.a(CyLib.o)
                              .\CortexM3\ARM_GCC_541\Debug\Cm3Start.o (CyHalt)
.\CortexM3\ARM_GCC_541\Debug\PRACTICA 5.a(cyPm.o)
                              .\CortexM3\ARM_GCC_541\Debug\PRACTICA 5.a(CyLib.o) (CyPmReadStatus)
.\CortexM3\ARM_GCC_541\Debug\PRACTICA 5.a(Interrupt.o)
                              .\CortexM3\ARM_GCC_541\Debug\main.o (Interrupt_StartEx)
.\CortexM3\ARM_GCC_541\Debug\PRACTICA 5.a(Segments.o)
                              .\CortexM3\ARM_GCC_541\Debug\main.o (Segments_Start)
.\CortexM3\ARM_GCC_541\Debug\PRACTICA 5.a(Contador.o)
                              .\CortexM3\ARM_GCC_541\Debug\main.o (Contador_Start)
.\CortexM3\ARM_GCC_541\Debug\PRACTICA 5.a(Timer.o)
                              .\CortexM3\ARM_GCC_541\Debug\main.o (Timer_StartEx)
.\CortexM3\ARM_GCC_541\Debug\PRACTICA 5.a(SW.o)
                              .\CortexM3\ARM_GCC_541\Debug\main.o (SW_Read)
.\CortexM3\ARM_GCC_541\Debug\PRACTICA 5.a(LEDS.o)
                              .\CortexM3\ARM_GCC_541\Debug\main.o (LEDS_Write)
.\CortexM3\ARM_GCC_541\Debug\PRACTICA 5.a(Segments_Com_Driver.o)
                              .\CortexM3\ARM_GCC_541\Debug\PRACTICA 5.a(Segments.o) (Segments_Com_Driver_Write)
.\CortexM3\ARM_GCC_541\Debug\PRACTICA 5.a(Segments_DMA_Com_dma.o)
                              .\CortexM3\ARM_GCC_541\Debug\PRACTICA 5.a(Segments.o) (Segments_DMA_Com_DmaInitialize)
.\CortexM3\ARM_GCC_541\Debug\PRACTICA 5.a(Segments_DMA_Seg_dma.o)
                              .\CortexM3\ARM_GCC_541\Debug\PRACTICA 5.a(Segments.o) (Segments_DMA_Seg_DmaInitialize)
.\CortexM3\ARM_GCC_541\Debug\PRACTICA 5.a(Segments_DMA_BC_dma.o)
                              .\CortexM3\ARM_GCC_541\Debug\PRACTICA 5.a(Segments.o) (Segments_DMA_BC_DmaInitialize)
.\CortexM3\ARM_GCC_541\Debug\PRACTICA 5.a(SW_vel.o)
                              .\CortexM3\ARM_GCC_541\Debug\main.o (SW_vel_Read)
.\CortexM3\ARM_GCC_541\Debug\PRACTICA 5.a(SW_buzz.o)
                              .\CortexM3\ARM_GCC_541\Debug\main.o (SW_buzz_Read)
.\CortexM3\ARM_GCC_541\Debug\PRACTICA 5.a(Buzzer.o)
                              .\CortexM3\ARM_GCC_541\Debug\main.o (Buzzer_Write)
.\CortexM3\ARM_GCC_541\Debug\PRACTICA 5.a(DosP.o)
                              .\CortexM3\ARM_GCC_541\Debug\main.o (DosP_Write)
.\CortexM3\ARM_GCC_541\Debug\PRACTICA 5.a(CyBootAsmGnu.o)
                              .\CortexM3\ARM_GCC_541\Debug\cyfitter_cfg.o (CyDelayCycles)
.\CortexM3\ARM_GCC_541\Debug\PRACTICA 5.a(CyFlash.o)
                              .\CortexM3\ARM_GCC_541\Debug\PRACTICA 5.a(cyPm.o) (CyFlash_SetWaitCycles)
.\CortexM3\ARM_GCC_541\Debug\PRACTICA 5.a(CySpc.o)
                              .\CortexM3\ARM_GCC_541\Debug\PRACTICA 5.a(CyFlash.o) (CySpcStart)
c:/program files (x86)/cypress/psoc creator/4.4/psoc creator/import/gnu/arm/5.4.1/bin/../lib/gcc/arm-none-eabi/5.4.1/../../../../arm-none-eabi/lib/armv7-m\libg_nano.a(lib_a-errno.o)
                              .\CortexM3\ARM_GCC_541\Debug\Cm3Start.o (__errno)
c:/program files (x86)/cypress/psoc creator/4.4/psoc creator/import/gnu/arm/5.4.1/bin/../lib/gcc/arm-none-eabi/5.4.1/../../../../arm-none-eabi/lib/armv7-m\libg_nano.a(lib_a-exit.o)
                              c:/program files (x86)/cypress/psoc creator/4.4/psoc creator/import/gnu/arm/5.4.1/bin/../lib/gcc/arm-none-eabi/5.4.1/../../../../arm-none-eabi/lib/armv7-m/crt0.o (exit)
c:/program files (x86)/cypress/psoc creator/4.4/psoc creator/import/gnu/arm/5.4.1/bin/../lib/gcc/arm-none-eabi/5.4.1/../../../../arm-none-eabi/lib/armv7-m\libg_nano.a(lib_a-impure.o)
                              c:/program files (x86)/cypress/psoc creator/4.4/psoc creator/import/gnu/arm/5.4.1/bin/../lib/gcc/arm-none-eabi/5.4.1/../../../../arm-none-eabi/lib/armv7-m\libg_nano.a(lib_a-exit.o) (_global_impure_ptr)
c:/program files (x86)/cypress/psoc creator/4.4/psoc creator/import/gnu/arm/5.4.1/bin/../lib/gcc/arm-none-eabi/5.4.1/../../../../arm-none-eabi/lib/armv7-m\libg_nano.a(lib_a-init.o)
                              c:/program files (x86)/cypress/psoc creator/4.4/psoc creator/import/gnu/arm/5.4.1/bin/../lib/gcc/arm-none-eabi/5.4.1/../../../../arm-none-eabi/lib/armv7-m/crt0.o (__libc_init_array)
c:/program files (x86)/cypress/psoc creator/4.4/psoc creator/import/gnu/arm/5.4.1/bin/../lib/gcc/arm-none-eabi/5.4.1/../../../../arm-none-eabi/lib/armv7-m\libg_nano.a(lib_a-memcpy-stub.o)
                              .\CortexM3\ARM_GCC_541\Debug\cyfitter_cfg.o (memcpy)
c:/program files (x86)/cypress/psoc creator/4.4/psoc creator/import/gnu/arm/5.4.1/bin/../lib/gcc/arm-none-eabi/5.4.1/../../../../arm-none-eabi/lib/armv7-m\libg_nano.a(lib_a-memset.o)
[...]
Memory Configuration

Name             Origin             Length             Attributes
rom              0x00000000         0x00040000         xr
ram              0x1fff8000         0x00010000         xrw
*default*        0x00000000         0xffffffff

Linker script and memory map

LOAD c:/program files (x86)/cypress/psoc creator/4.4/psoc creator/import/gnu/arm/5.4.1/bin/../lib/gcc/arm-none-eabi/5.4.1/armv7-m/crti.o
LOAD c:/program files (x86)/cypress/psoc creator/4.4/psoc creator/import/gnu/arm/5.4.1/bin/../lib/gcc/arm-none-eabi/5.4.1/armv7-m/crtbegin.o
LOAD c:/program files (x86)/cypress/psoc creator/4.4/psoc creator/import/gnu/arm/5.4.1/bin/../lib/gcc/arm-none-eabi/5.4.1/../../../../arm-none-eabi/lib/armv7-m/crt0.o
START GROUP
LOAD .\CortexM3\ARM_GCC_541\Debug\main.o
LOAD .\CortexM3\ARM_GCC_541\Debug\cyfitter_cfg.o
LOAD .\CortexM3\ARM_GCC_541\Debug\cymetadata.o
LOAD .\CortexM3\ARM_GCC_541\Debug\Cm3Start.o
LOAD .\CortexM3\ARM_GCC_541\Debug\PRACTICA 5.a
LOAD C:\Program Files (x86)\Cypress\PSoC Creator\4.4\PSoC Creator\psoc\content\cycomponentlibrary\CyComponentLibrary.cylib\CortexM3\ARM_GCC_541\Debug\CyComponentLibrary.a
END GROUP
START GROUP
LOAD c:/program files (x86)/cypress/psoc creator/4.4/psoc creator/import/gnu/arm/5.4.1/bin/../lib/gcc/arm-none-eabi/5.4.1/armv7-m\libgcc.a
LOAD c:/program files (x86)/cypress/psoc creator/4.4/psoc creator/import/gnu/arm/5.4.1/bin/../lib/gcc/arm-none-eabi/5.4.1/../../../../arm-none-eabi/lib/armv7-m\libg_nano.a
LOAD c:/program files (x86)/cypress/psoc creator/4.4/psoc creator/import/gnu/arm/5.4.1/bin/../lib/gcc/arm-none-eabi/5.4.1/../../../../arm-none-eabi/lib/armv7-m\libc_nano.a
END GROUP
START GROUP
LOAD c:/program files (x86)/cypress/psoc creator/4.4/psoc creator/import/gnu/arm/5.4.1/bin/../lib/gcc/arm-none-eabi/5.4.1/armv7-m\libgcc.a
LOAD c:/program files (x86)/cypress/psoc creator/4.4/psoc creator/import/gnu/arm/5.4.1/bin/../lib/gcc/arm-none-eabi/5.4.1/../../../../arm-none-eabi/lib/armv7-m\libc_nano.a
END GROUP
LOAD c:/program files (x86)/cypress/psoc creator/4.4/psoc creator/import/gnu/arm/5.4.1/bin/../lib/gcc/arm-none-eabi/5.4.1/armv7-m/crtend.o
LOAD c:/program files (x86)/cypress/psoc creator/4.4/psoc creator/import/gnu/arm/5.4.1/bin/../lib/gcc/arm-none-eabi/5.4.1/armv7-m/crtn.o
START GROUP
LOAD c:/program files (x86)/cypress/psoc creator/4.4/psoc creator/import/gnu/arm/5.4.1/bin/../lib/gcc/arm-none-eabi/5.4.1/armv7-m\libgcc.a
LOAD c:/program files (x86)/cypress/psoc creator/4.4/psoc creator/import/gnu/arm/5.4.1/bin/../lib/gcc/arm-none-eabi/5.4.1/../../../../arm-none-eabi/lib/armv7-m\libc.a
LOAD c:/program files (x86)/cypress/psoc creator/4.4/psoc creator/import/gnu/arm/5.4.1/bin/../lib/gcc/arm-none-eabi/5.4.1/../../../../arm-none-eabi/lib/armv7-m\libnosys.a
END GROUP
                0x00000000                CY_APPL_ORIGIN = 0x0
                0x00000100                CY_FLASH_ROW_SIZE = 0x100
                0x00000020                CY_ECC_ROW_SIZE = 0x20
                0x00000000                CY_EE_IN_BTLDR = 0x0
                0x00000000                CY_APPL_LOADABLE = 0x0
                0x00000800                CY_EE_SIZE = 0x800
                0x00000001                CY_APPL_NUM = 0x1
                0x00000001                CY_APPL_MAX = 0x1
                0x00000040                CY_METADATA_SIZE = 0x40
                0x00000000                CY_APPL_LOADABLE = 0x0
                0x00000000                CY_CHECKSUM_EXCLUDE_SIZE = ALIGN (0x0, CY_FLASH_ROW_SIZE)
                [!provide]                PROVIDE (__cy_heap_start, _end)
                0x00000001                PROVIDE (__cy_region_num, ((__cy_regions_end - __cy_regions) / 0x10))
                0x20008000                PROVIDE (__cy_stack, (ORIGIN (ram) + LENGTH (ram)))
                [!provide]                PROVIDE (__cy_heap_end, (__cy_stack - 0x800))

.cybootloader   0x00000000        0x0
 *(.cybootloader)
                0x00000000                appl1_start = CY_APPL_ORIGIN?CY_APPL_ORIGIN:ALIGN (CY_FLASH_ROW_SIZE)
                0x0001ff00                appl2_start = (appl1_start + ALIGN ((((LENGTH (rom) - appl1_start) - (0x2 * CY_FLASH_ROW_SIZE)) / 0x2), CY_FLASH_ROW_SIZE))
                0x00000000                appl_start = (CY_APPL_NUM == 0x1)?appl1_start:appl2_start
                0x00000000                ecc_offset = ((appl_start / CY_FLASH_ROW_SIZE) * CY_ECC_ROW_SIZE)
                0x00000000                ee_offset = (CY_APPL_LOADABLE && ! (CY_EE_IN_BTLDR))?((CY_EE_SIZE / CY_APPL_MAX) * (CY_APPL_NUM - 0x1)):0x0
                0x00000800                ee_size = (CY_APPL_LOADABLE && ! (CY_EE_IN_BTLDR))?(CY_EE_SIZE / CY_APPL_MAX):CY_EE_SIZE
                [!provide]                PROVIDE (CY_ECC_OFFSET, ecc_offset)

.text           0x00000000     0x115e
 CREATE_OBJECT_SYMBOLS
                0x00000000                PROVIDE (__cy_interrupt_vector, RomVectors)
 *(.romvectors)
 .romvectors    0x00000000       0x10 .\CortexM3\ARM_GCC_541\Debug\Cm3Start.o
                0x00000000                RomVectors
                0x00000001                ASSERT ((. != __cy_interrupt_vector), No interrupt vector)
                0x00000001                ASSERT (CY_APPL_ORIGIN?(SIZEOF (.cybootloader) <= CY_APPL_ORIGIN):0x1, Wrong image location)
                0x00000010                PROVIDE (__cy_reset, Reset)
 *(.text.Reset)
 .text.Reset    0x00000010       0x18 .\CortexM3\ARM_GCC_541\Debug\Cm3Start.o
                0x00000010                Reset
                0x00000001                ASSERT ((. != __cy_reset), No reset code)
 *(.dma_init)
                0x00000001                ASSERT ((((appl_start + .) <= 0x10000) || 0x1), DMA Init must be within the first 64k of flash)
 *(.text .text.* .gnu.linkonce.t.*)
 .text          0x00000028       0x5c c:/program files (x86)/cypress/psoc creator/4.4/psoc creator/import/gnu/arm/5.4.1/bin/../lib/gcc/arm-none-eabi/5.4.1/armv7-m/crtbegin.o
 .text.IRQ_ISR  0x00000084        0xc .\CortexM3\ARM_GCC_541\Debug\main.o
                0x00000084                IRQ_ISR
 .text.Timer_ISR
                0x00000090        0xc .\CortexM3\ARM_GCC_541\Debug\main.o
                0x00000090                Timer_ISR
 .text.main     0x0000009c      0x460 .\CortexM3\ARM_GCC_541\Debug\main.o
                0x0000009c                main
 .text.CyClockStartupError
                0x000004fc        0x4 .\CortexM3\ARM_GCC_541\Debug\cyfitter_cfg.o
 .text.cfg_write_bytes32
                0x00000500       0x34 .\CortexM3\ARM_GCC_541\Debug\cyfitter_cfg.o
 .text.AnalogSetDefault
                0x00000534       0x28 .\CortexM3\ARM_GCC_541\Debug\cyfitter_cfg.o
 .text.CYMEMZERO
                0x0000055c        0xc .\CortexM3\ARM_GCC_541\Debug\cyfitter_cfg.o
 .text.ClockSetup
                0x00000568       0xd4 .\CortexM3\ARM_GCC_541\Debug\cyfitter_cfg.o
 .text.CYCONFIGCPY
                0x0000063c        0x8 .\CortexM3\ARM_GCC_541\Debug\cyfitter_cfg.o
 .text.cyfitter_cfg
                0x00000644      0x12c .\CortexM3\ARM_GCC_541\Debug\cyfitter_cfg.o
                0x00000644                cyfitter_cfg
 .text.IntDefaultHandler
                0x00000770       0x10 .\CortexM3\ARM_GCC_541\Debug\Cm3Start.o
                0x00000770                IntDefaultHandler
 .text.Start_c  0x00000780       0x4c .\CortexM3\ARM_GCC_541\Debug\Cm3Start.o
                0x00000780                Start_c
 .text.initialize_psoc
                0x000007cc       0x6c .\CortexM3\ARM_GCC_541\Debug\Cm3Start.o
                0x000007cc                initialize_psoc
 .text.CyDmacConfigure
                0x00000838       0x34 .\CortexM3\ARM_GCC_541\Debug\PRACTICA 5.a(CyDmac.o)
                0x00000838                CyDmacConfigure
 .text.CyDmaChEnable
                0x0000086c       0x38 .\CortexM3\ARM_GCC_541\Debug\PRACTICA 5.a(CyDmac.o)
                0x0000086c                CyDmaChEnable
 .text.CyDmaChPriority
                0x000008a4       0x24 .\CortexM3\ARM_GCC_541\Debug\PRACTICA 5.a(CyDmac.o)
                0x000008a4                CyDmaChPriority
 .text.CyDmaChSetExtendedAddress
                0x000008c8       0x34 .\CortexM3\ARM_GCC_541\Debug\PRACTICA 5.a(CyDmac.o)
                0x000008c8                CyDmaChSetExtendedAddress
 .text.CyDmaChSetInitialTd
                0x000008fc       0x18 .\CortexM3\ARM_GCC_541\Debug\PRACTICA 5.a(CyDmac.o)
                0x000008fc                CyDmaChSetInitialTd
 .text.CyDmaChSetConfiguration
                0x00000914       0x44 .\CortexM3\ARM_GCC_541\Debug\PRACTICA 5.a(CyDmac.o)
                0x00000914                CyDmaChSetConfiguration
 .text.CyDmaTdAllocate
                0x00000958       0x34 .\CortexM3\ARM_GCC_541\Debug\PRACTICA 5.a(CyDmac.o)
                0x00000958                CyDmaTdAllocate
 .text.CyDmaTdSetConfiguration
                0x0000098c       0x28 .\CortexM3\ARM_GCC_541\Debug\PRACTICA 5.a(CyDmac.o)
                0x0000098c                CyDmaTdSetConfiguration
 .text.CyDmaTdSetAddress
                0x000009b4       0x1c .\CortexM3\ARM_GCC_541\Debug\PRACTICA 5.a(CyDmac.o)
                0x000009b4                CyDmaTdSetAddress
 .text.CyHalt   0x000009d0        0x4 .\CortexM3\ARM_GCC_541\Debug\PRACTICA 5.a(CyLib.o)
                0x000009d0                CyHalt
 .text.Interrupt_SetVector
                0x000009d4        0xc .\CortexM3\ARM_GCC_541\Debug\PRACTICA 5.a(Interrupt.o)
                0x000009d4                Interrupt_SetVector
 .text.Interrupt_SetPriority
                0x000009e0       0x10 .\CortexM3\ARM_GCC_541\Debug\PRACTICA 5.a(Interrupt.o)
                0x000009e0                Interrupt_SetPriority
 .text.Interrupt_Enable
                0x000009f0        0xc .\CortexM3\ARM_GCC_541\Debug\PRACTICA 5.a(Interrupt.o)
                0x000009f0                Interrupt_Enable
 .text.Interrupt_Disable
                0x000009fc        0xc .\CortexM3\ARM_GCC_541\Debug\PRACTICA 5.a(Interrupt.o)
                0x000009fc                Interrupt_Disable
 .text.Interrupt_StartEx
                0x00000a08       0x1c .\CortexM3\ARM_GCC_541\Debug\PRACTICA 5.a(Interrupt.o)
                0x00000a08                Interrupt_StartEx
 .text.Segments_DmaInit
                0x00000a24      0x160 .\CortexM3\ARM_GCC_541\Debug\PRACTICA 5.a(Segments.o)
 .text.Segments_DmaEnable
                0x00000b84       0x3c .\CortexM3\ARM_GCC_541\Debug\PRACTICA 5.a(Segments.o)
 .text.Segments_Enable
                0x00000bc0       0x24 .\CortexM3\ARM_GCC_541\Debug\PRACTICA 5.a(Segments.o)
                0x00000bc0                Segments_Enable
 .text.Segments_ClearDisplayAll
                0x00000be4       0x18 .\CortexM3\ARM_GCC_541\Debug\PRACTICA 5.a(Segments.o)
                0x00000be4                Segments_ClearDisplayAll
 .text.Segments_Init
                0x00000bfc       0x30 .\CortexM3\ARM_GCC_541\Debug\PRACTICA 5.a(Segments.o)
                0x00000bfc                Segments_Init
 .text.Segments_Start
                0x00000c2c       0x1c .\CortexM3\ARM_GCC_541\Debug\PRACTICA 5.a(Segments.o)
                0x00000c2c                Segments_Start
 .text.Segments_EncodeNumber7Seg
                0x00000c48       0x10 .\CortexM3\ARM_GCC_541\Debug\PRACTICA 5.a(Segments.o)
                0x00000c48                Segments_EncodeNumber7Seg
 .text.Segments_Write7SegDigitDec
                0x00000c58       0x1c .\CortexM3\ARM_GCC_541\Debug\PRACTICA 5.a(Segments.o)
                0x00000c58                Segments_Write7SegDigitDec
 .text.Segments_EncodeChar7Seg
                0x00000c74       0x24 .\CortexM3\ARM_GCC_541\Debug\PRACTICA 5.a(Segments.o)
                0x00000c74                Segments_EncodeChar7Seg
 .text.Segments_Write7SegNumberDec
                0x00000c98      0x180 .\CortexM3\ARM_GCC_541\Debug\PRACTICA 5.a(Segments.o)
                0x00000c98                Segments_Write7SegNumberDec
 .text.Segments_SetBrightness
                0x00000e18       0x3c .\CortexM3\ARM_GCC_541\Debug\PRACTICA 5.a(Segments.o)
                0x00000e18                Segments_SetBrightness
 .text.Contador_Enable
                0x00000e54       0x28 .\CortexM3\ARM_GCC_541\Debug\PRACTICA 5.a(Contador.o)
                0x00000e54                Contador_Enable
 .text.Contador_SetInterruptMode
                0x00000e7c        0xc .\CortexM3\ARM_GCC_541\Debug\PRACTICA 5.a(Contador.o)
                0x00000e7c                Contador_SetInterruptMode
 .text.Contador_WriteCounter
                0x00000e88       0x34 .\CortexM3\ARM_GCC_541\Debug\PRACTICA 5.a(Contador.o)
                0x00000e88                Contador_WriteCounter
 .text.Contador_WritePeriod
                0x00000ebc        0xc .\CortexM3\ARM_GCC_541\Debug\PRACTICA 5.a(Contador.o)
                0x00000ebc                Contador_WritePeriod
 .text.Contador_Init
                0x00000ec8       0x60 .\CortexM3\ARM_GCC_541\Debug\PRACTICA 5.a(Contador.o)
                0x00000ec8                Contador_Init
 .text.Contador_Start
                0x00000f28       0x1c .\CortexM3\ARM_GCC_541\Debug\PRACTICA 5.a(Contador.o)
                0x00000f28                Contador_Start
 .text.Timer_SetVector
                0x00000f44        0xc .\CortexM3\ARM_GCC_541\Debug\PRACTICA 5.a(Timer.o)
                0x00000f44                Timer_SetVector
 .text.Timer_SetPriority
                0x00000f50       0x10 .\CortexM3\ARM_GCC_541\Debug\PRACTICA 5.a(Timer.o)
                0x00000f50                Timer_SetPriority
 .text.Timer_Enable
                0x00000f60        0xc .\CortexM3\ARM_GCC_541\Debug\PRACTICA 5.a(Timer.o)
                0x00000f60                Timer_Enable
 .text.Timer_Disable
                0x00000f6c        0xc .\CortexM3\ARM_GCC_541\Debug\PRACTICA 5.a(Timer.o)
                0x00000f6c                Timer_Disable
 .text.Timer_StartEx
                0x00000f78       0x1c .\CortexM3\ARM_GCC_541\Debug\PRACTICA 5.a(Timer.o)
                0x00000f78                Timer_StartEx
 .text.SW_Read  0x00000f94       0x10 .\CortexM3\ARM_GCC_541\Debug\PRACTICA 5.a(SW.o)
                0x00000f94                SW_Read
 .text.LEDS_Write
                0x00000fa4       0x18 .\CortexM3\ARM_GCC_541\Debug\PRACTICA 5.a(LEDS.o)
                0x00000fa4                LEDS_Write
 .text.Segments_DMA_Com_DmaInitialize
                0x00000fbc       0x3c .\CortexM3\ARM_GCC_541\Debug\PRACTICA 5.a(Segments_DMA_Com_dma.o)
                0x00000fbc                Segments_DMA_Com_DmaInitialize
 .text.Segments_DMA_Seg_DmaInitialize
                0x00000ff8       0x3c .\CortexM3\ARM_GCC_541\Debug\PRACTICA 5.a(Segments_DMA_Seg_dma.o)
                0x00000ff8                Segments_DMA_Seg_DmaInitialize
 .text.Segments_DMA_BC_DmaInitialize
                0x00001034       0x3c .\CortexM3\ARM_GCC_541\Debug\PRACTICA 5.a(Segments_DMA_BC_dma.o)
                0x00001034                Segments_DMA_BC_DmaInitialize
 .text.SW_vel_Read
                0x00001070       0x10 .\CortexM3\ARM_GCC_541\Debug\PRACTICA 5.a(SW_vel.o)
                0x00001070                SW_vel_Read
 .text.SW_buzz_Read
                0x00001080        0xc .\CortexM3\ARM_GCC_541\Debug\PRACTICA 5.a(SW_buzz.o)
                0x00001080                SW_buzz_Read
 .text.Buzzer_Write
                0x0000108c       0x18 .\CortexM3\ARM_GCC_541\Debug\PRACTICA 5.a(Buzzer.o)
                0x0000108c                Buzzer_Write
 .text.DosP_Write
                0x000010a4       0x18 .\CortexM3\ARM_GCC_541\Debug\PRACTICA 5.a(DosP.o)
                0x000010a4                DosP_Write
 *fill*         0x000010bc        0x4 
 .text          0x000010c0       0x20 .\CortexM3\ARM_GCC_541\Debug\PRACTICA 5.a(CyBootAsmGnu.o)
                0x000010c0                CyDelayCycles
                0x000010d0                CyEnterCriticalSection
                0x000010d8                CyExitCriticalSection
 .text.__errno  0x000010e0        0xc c:/program files (x86)/cypress/psoc creator/4.4/psoc creator/import/gnu/arm/5.4.1/bin/../lib/gcc/arm-none-eabi/5.4.1/../../../../arm-none-eabi/lib/armv7-m\libg_nano.a(lib_a-errno.o)
                0x000010e0                __errno
 .text.__libc_init_array
                0x000010ec       0x4c c:/program files (x86)/cypress/psoc creator/4.4/psoc creator/import/gnu/arm/5.4.1/bin/../lib/gcc/arm-none-eabi/5.4.1/../../../../arm-none-eabi/lib/armv7-m\libg_nano.a(lib_a-init.o)
                0x000010ec                __libc_init_array
 .text.memcpy   0x00001138       0x16 c:/program files (x86)/cypress/psoc creator/4.4/psoc creator/import/gnu/arm/5.4.1/bin/../lib/gcc/arm-none-eabi/5.4.1/../../../../arm-none-eabi/lib/armv7-m\libg_nano.a(lib_a-memcpy-stub.o)
                0x00001138                memcpy
 .text.memset   0x0000114e       0x10 c:/program files (x86)/cypress/psoc creator/4.4/psoc creator/import/gnu/arm/5.4.1/bin/../lib/gcc/arm-none-eabi/5.4.1/../../../../arm-none-eabi/lib/armv7-m\libg_nano.a(lib_a-memset.o)
                0x0000114e                memset
 *(.plt)
 *(.gnu.warning)
 *(.glue_7t)
 .glue_7t       0x0000115e        0x0 linker stubs
 *(.glue_7)
 .glue_7        0x0000115e        0x0 linker stubs
 *(.vfp11_veneer)
 .vfp11_veneer  0x0000115e        0x0 linker stubs
 *(.bootloader)
 *(.ARM.extab* .gnu.linkonce.armextab.*)
 *(.gcc_except_table)

.v4_bx          0x00001160        0x0
 .v4_bx         0x00001160        0x0 linker stubs

.iplt           0x00001160        0x0
 .iplt          0x00001160        0x0 c:/program files (x86)/cypress/psoc creator/4.4/psoc creator/import/gnu/arm/5.4.1/bin/../lib/gcc/arm-none-eabi/5.4.1/armv7-m/crtbegin.o

.eh_frame_hdr
 *(.eh_frame_hdr)

.eh_frame       0x00001160        0x4
 *(.eh_frame)
 .eh_frame      0x00001160        0x0 c:/program files (x86)/cypress/psoc creator/4.4/psoc creator/import/gnu/arm/5.4.1/bin/../lib/gcc/arm-none-eabi/5.4.1/armv7-m/crtbegin.o
 .eh_frame      0x00001160        0x4 c:/program files (x86)/cypress/psoc creator/4.4/psoc creator/import/gnu/arm/5.4.1/bin/../lib/gcc/arm-none-eabi/5.4.1/armv7-m/crtend.o
                [!provide]                PROVIDE (__exidx_start, .)

.ARM.exidx
 *(.ARM.exidx* .gnu.linkonce.armexidx.*)
                0x00001164                __exidx_end = .

.rodata         0x00001164      0x2b4
 *(.rodata .rodata.* .gnu.linkonce.r.*)
 .rodata        0x00001164       0x36 .\CortexM3\ARM_GCC_541\Debug\cyfitter_cfg.o
 *fill*         0x0000119a        0x2 
 .rodata        0x0000119c      0x240 .\CortexM3\ARM_GCC_541\Debug\PRACTICA 5.a(Segments.o)
 .rodata.str1.1
                0x000013dc        0x2 c:/program files (x86)/cypress/psoc creator/4.4/psoc creator/import/gnu/arm/5.4.1/bin/../lib/gcc/arm-none-eabi/5.4.1/../../../../arm-none-eabi/lib/armv7-m\libg_nano.a(lib_a-impure.o)
                0x000013e0                . = ALIGN (0x4)
 *fill*         0x000013de        0x2 
 *(.init)
 .init          0x000013e0        0x4 c:/program files (x86)/cypress/psoc creator/4.4/psoc creator/import/gnu/arm/5.4.1/bin/../lib/gcc/arm-none-eabi/5.4.1/armv7-m/crti.o
                0x000013e0                _init
 .init          0x000013e4        0x8 c:/program files (x86)/cypress/psoc creator/4.4/psoc creator/import/gnu/arm/5.4.1/bin/../lib/gcc/arm-none-eabi/5.4.1/armv7-m/crtn.o
                0x000013ec                . = ALIGN (0x4)
                0x000013ec                __preinit_array_start = .
 *(.preinit_array)
                0x000013ec                __preinit_array_end = .
                0x000013ec                . = ALIGN (0x4)
                0x000013ec                __init_array_start = .
 *(SORT(.init_array.*))
 *(.init_array)
 .init_array    0x000013ec        0x4 c:/program files (x86)/cypress/psoc creator/4.4/psoc creator/import/gnu/arm/5.4.1/bin/../lib/gcc/arm-none-eabi/5.4.1/armv7-m/crtbegin.o
 .init_array    0x000013f0        0x4 .\CortexM3\ARM_GCC_541\Debug\Cm3Start.o
                0x000013f4                __init_array_end = .
                0x000013f4                . = ALIGN (0x4)
 *(.fini)
 .fini          0x000013f4        0x4 c:/program files (x86)/cypress/psoc creator/4.4/psoc creator/import/gnu/arm/5.4.1/bin/../lib/gcc/arm-none-eabi/5.4.1/armv7-m/crti.o
                0x000013f4                _fini
 .fini          0x000013f8        0x8 c:/program files (x86)/cypress/psoc creator/4.4/psoc creator/import/gnu/arm/5.4.1/bin/../lib/gcc/arm-none-eabi/5.4.1/armv7-m/crtn.o
                0x00001400                . = ALIGN (0x4)
                0x00001400                __fini_array_start = .
 *(.fini_array)
 .fini_array    0x00001400        0x4 c:/program files (x86)/cypress/psoc creator/4.4/psoc creator/import/gnu/arm/5.4.1/bin/../lib/gcc/arm-none-eabi/5.4.1/armv7-m/crtbegin.o
 *(SORT(.fini_array.*))
                0x00001404                __fini_array_end = .
                0x00001404                . = ALIGN (0x4)
 *crtbegin.o(.ctors)
 *(EXCLUDE_FILE(*crtend.o) .ctors)
 *(SORT(.ctors.*))
 *crtend.o(.ctors)
                0x00001404                . = ALIGN (0x4)
 *crtbegin.o(.dtors)
 *(EXCLUDE_FILE(*crtend.o) .dtors)
 *(SORT(.dtors.*))
 *crtend.o(.dtors)
                0x00001404                . = ALIGN (0x4)
                0x00001404                __cy_regions = .
                0x00001404        0x4 LONG 0x1418 __cy_region_init_ram
                0x00001408        0x4 LONG 0x1fff80c8 __cy_region_start_data
                0x0000140c        0x4 LONG 0x88 __cy_region_init_size_ram
                0x00001410        0x4 LONG 0x68 __cy_region_zero_size_ram
                0x00001414                __cy_regions_end = .
                0x00001418                . = ALIGN (0x8)
 *fill*         0x00001414        0x4 
                0x00001418                _etext = .

.cy_checksum_exclude
                0x00001418        0x0
 *(.cy_checksum_exclude)

.ramvectors     0x1fff8000       0xc0
                0x1fff8000                __cy_region_start_ram = .
 *(.ramvectors)
 .ramvectors    0x1fff8000       0xc0 .\CortexM3\ARM_GCC_541\Debug\Cm3Start.o
                0x1fff8000                CyRamVectors

.noinit         0x1fff80c0        0x1
 *(.noinit)
 .noinit        0x1fff80c0        0x1 .\CortexM3\ARM_GCC_541\Debug\PRACTICA 5.a(CyLib.o)
                0x1fff80c0                CyResetStatus

.data           0x1fff80c8       0x88 load address 0x00001418
                0x1fff80c8                __cy_region_start_data = .
 *(.jcr)
 .jcr           0x1fff80c8        0x0 c:/program files (x86)/cypress/psoc creator/4.4/psoc creator/import/gnu/arm/5.4.1/bin/../lib/gcc/arm-none-eabi/5.4.1/armv7-m/crtbegin.o
 .jcr           0x1fff80c8        0x4 c:/program files (x86)/cypress/psoc creator/4.4/psoc creator/import/gnu/arm/5.4.1/bin/../lib/gcc/arm-none-eabi/5.4.1/armv7-m/crtend.o
 *(.got.plt)
 *(.got)
 *(.shdata)
 *(.data .data.* .gnu.linkonce.d.*)
 .data          0x1fff80cc        0x3 .\CortexM3\ARM_GCC_541\Debug\main.o
                0x1fff80cc                Bright
                0x1fff80ce                Posicion
 *fill*         0x1fff80cf        0x1 
 .data          0x1fff80d0        0x8 .\CortexM3\ARM_GCC_541\Debug\PRACTICA 5.a(CyDmac.o)
 .data          0x1fff80d8       0x10 .\CortexM3\ARM_GCC_541\Debug\PRACTICA 5.a(Segments.o)
 .data          0x1fff80e8        0x1 .\CortexM3\ARM_GCC_541\Debug\PRACTICA 5.a(Segments_DMA_Com_dma.o)
                0x1fff80e8                Segments_DMA_Com_DmaHandle
 .data          0x1fff80e9        0x1 .\CortexM3\ARM_GCC_541\Debug\PRACTICA 5.a(Segments_DMA_Seg_dma.o)
                0x1fff80e9                Segments_DMA_Seg_DmaHandle
 .data          0x1fff80ea        0x1 .\CortexM3\ARM_GCC_541\Debug\PRACTICA 5.a(Segments_DMA_BC_dma.o)
                0x1fff80ea                Segments_DMA_BC_DmaHandle
 *fill*         0x1fff80eb        0x1 
 .data.impure_data
                0x1fff80ec       0x60 c:/program files (x86)/cypress/psoc creator/4.4/psoc creator/import/gnu/arm/5.4.1/bin/../lib/gcc/arm-none-eabi/5.4.1/../../../../arm-none-eabi/lib/armv7-m\libg_nano.a(lib_a-impure.o)
 .data._impure_ptr
                0x1fff814c        0x4 c:/program files (x86)/cypress/psoc creator/4.4/psoc creator/import/gnu/arm/5.4.1/bin/../lib/gcc/arm-none-eabi/5.4.1/../../../../arm-none-eabi/lib/armv7-m\libg_nano.a(lib_a-impure.o)
                0x1fff814c                _impure_ptr
                0x1fff8150                . = ALIGN (0x8)
 *(.ram)
                0x1fff8150                _edata = .

.igot.plt       0x1fff8150        0x0 load address 0x000014a0
 .igot.plt      0x1fff8150        0x0 c:/program files (x86)/cypress/psoc creator/4.4/psoc creator/import/gnu/arm/5.4.1/bin/../lib/gcc/arm-none-eabi/5.4.1/armv7-m/crtbegin.o

.bss            0x1fff8150       0x68 load address 0x000014a0
                0x1fff8150                PROVIDE (__bss_start__, .)
 *(.shbss)
 *(.bss .bss.* .gnu.linkonce.b.*)
 .bss           0x1fff8150       0x1c c:/program files (x86)/cypress/psoc creator/4.4/psoc creator/import/gnu/arm/5.4.1/bin/../lib/gcc/arm-none-eabi/5.4.1/armv7-m/crtbegin.o
 .bss           0x1fff816c       0x20 .\CortexM3\ARM_GCC_541\Debug\main.o
                0x1fff816c                band_pulse
                0x1fff816d                band_2mili
                0x1fff816e                configuration
                0x1fff816f                Band_Final
                0x1fff8170                mili2segundos
                0x1fff8172                band4seg
                0x1fff8174                bandseg
                0x1fff8176                pulsecounter
                0x1fff8178                band380ms
                0x1fff817a                cnt
                0x1fff817c                contador
                0x1fff8180                band_tarea1
                0x1fff8182                vel
                0x1fff8184                Segundos
                0x1fff8186                T_tiempo
                0x1fff8188                BandeBrillo
                0x1fff8189                uu
                0x1fff818a                cnt4seg
                0x1fff818b                TitileoSingularDespla
 .bss           0x1fff818c       0x1f .\CortexM3\ARM_GCC_541\Debug\PRACTICA 5.a(Segments.o)
                0x1fff81a8                Segments_enableVar
                0x1fff81aa                Segments_initVar
 .bss           0x1fff81ab        0x1 .\CortexM3\ARM_GCC_541\Debug\PRACTICA 5.a(Contador.o)
                0x1fff81ab                Contador_initVar
 *(COMMON)
 COMMON         0x1fff81ac        0x2 .\CortexM3\ARM_GCC_541\Debug\main.o
                0x1fff81ac                cnt_noconf
 *fill*         0x1fff81ae        0x2 
 COMMON         0x1fff81b0        0x4 .\CortexM3\ARM_GCC_541\Debug\PRACTICA 5.a(Segments.o)
                0x1fff81b0                Segments_segLBuffer
                0x1fff81b8                . = ALIGN (0x8)
 *fill*         0x1fff81b4        0x4 
 *(.ram.b)
                0x1fff81b8                _end = .
                0x1fff81b8                __end = .
                0x1fff81b8                PROVIDE (end, .)
                0x1fff81b8                PROVIDE (__bss_end__, .)
                0x00001418                __cy_region_init_ram = LOADADDR (.data)
                0x00000088                __cy_region_init_size_ram = (_edata - ADDR (.data))
                0x00000068                __cy_region_zero_size_ram = (_end - _edata)

.heap           0x1fff81b8       0x80 load address 0x000014a0
                0x1fff81b8                . = _end
                0x1fff8238                . = (. + 0x80)
 *fill*         0x1fff81b8       0x80 
                0x1fff8238                __cy_heap_limit = .

.stack          0x20007800      0x800
                0x20007800                __cy_stack_limit = .
                0x20008000                . = (. + 0x800)
 *fill*         0x20007800      0x800 
                0x00000001                ASSERT ((__cy_stack_limit >= __cy_heap_limit), region RAM overflowed with stack)
                0x00000000                cy_checksum_exclude_size = (CY_APPL_LOADABLE == 0x1)?SIZEOF (.cy_checksum_exclude):0x0
                0x00000001                ASSERT ((cy_checksum_exclude_size <= CY_CHECKSUM_EXCLUDE_SIZE), CY_BOOT: Section .cy_checksum_exclude size exceedes specified limit.)

.cyloadermeta
 *(.cyloadermeta)

.cyloadablemeta
 *(.cyloadablemeta)

.cyconfigecc    0x80000000      0x228
 *(.cyconfigecc)
 .cyconfigecc   0x80000000      0x228 .\CortexM3\ARM_GCC_541\Debug\cymetadata.o
                0x80000000                cy_meta_configecc

.cycustnvl      0x90000000        0x4
 *(.cycustnvl)
 .cycustnvl     0x90000000        0x4 .\CortexM3\ARM_GCC_541\Debug\cymetadata.o
                0x90000000                cy_meta_custnvl

.cywolatch      0x90100000        0x4
 *(.cywolatch)
 .cywolatch     0x90100000        0x4 .\CortexM3\ARM_GCC_541\Debug\cymetadata.o
                0x90100000                cy_meta_wonvl

.cyeeprom       0x90200000        0x0
 *(.cyeeprom)
                0x00000001                ASSERT ((. <= ((0x90200000 + ee_offset) + ee_size)), .cyeeprom data will not fit in EEPROM)

.cyflashprotect
                0x90400000      0x100
 *(.cyflashprotect)
 .cyflashprotect
                0x90400000      0x100 .\CortexM3\ARM_GCC_541\Debug\cymetadata.o
                0x90400000                cy_meta_flashprotect

.cymeta         0x90500000        0xc
 *(.cymeta)
 .cymeta        0x90500000        0xc .\CortexM3\ARM_GCC_541\Debug\cymetadata.o
                0x90500000                cy_metadata

.rel.dyn        0x000014a0        0x0 load address 0x9050000c
 .rel.iplt      0x000014a0        0x0 c:/program files (x86)/cypress/psoc creator/4.4/psoc creator/import/gnu/arm/5.4.1/bin/../lib/gcc/arm-none-eabi/5.4.1/armv7-m/crtbegin.o

.stab
 *(.stab)

.stabstr
 *(.stabstr)

.debug
 *(.debug)

.line
 *(.line)

.debug_srcinfo
 *(.debug_srcinfo)

.debug_sfnames
 *(.debug_sfnames)

.debug_aranges  0x00000000      0xaf8
 *(.debug_aranges)
 .debug_aranges
                0x00000000       0x30 .\CortexM3\ARM_GCC_541\Debug\main.o
 .debug_aranges
                0x00000030       0x58 .\CortexM3\ARM_GCC_541\Debug\cyfitter_cfg.o
 .debug_aranges
                0x00000088       0x18 .\CortexM3\ARM_GCC_541\Debug\cymetadata.o
 .debug_aranges
                0x000000a0       0x48 .\CortexM3\ARM_GCC_541\Debug\Cm3Start.o
 .debug_aranges
                0x000000e8       0xd8 .\CortexM3\ARM_GCC_541\Debug\PRACTICA 5.a(CyDmac.o)
 .debug_aranges
                0x000001c0      0x2a0 .\CortexM3\ARM_GCC_541\Debug\PRACTICA 5.a(CyLib.o)
 .debug_aranges
                0x00000460       0x98 .\CortexM3\ARM_GCC_541\Debug\PRACTICA 5.a(cyPm.o)
 .debug_aranges
                0x000004f8       0x80 .\CortexM3\ARM_GCC_541\Debug\PRACTICA 5.a(Interrupt.o)
 .debug_aranges
                0x00000578      0x168 .\CortexM3\ARM_GCC_541\Debug\PRACTICA 5.a(Segments.o)
 .debug_aranges
                0x000006e0       0x80 .\CortexM3\ARM_GCC_541\Debug\PRACTICA 5.a(Contador.o)
 .debug_aranges
                0x00000760       0x80 .\CortexM3\ARM_GCC_541\Debug\PRACTICA 5.a(Timer.o)
 .debug_aranges
                0x000007e0       0x38 .\CortexM3\ARM_GCC_541\Debug\PRACTICA 5.a(SW.o)
 .debug_aranges
                0x00000818       0x38 .\CortexM3\ARM_GCC_541\Debug\PRACTICA 5.a(LEDS.o)
 .debug_aranges
                0x00000850       0x28 .\CortexM3\ARM_GCC_541\Debug\PRACTICA 5.a(Segments_Com_Driver.o)
 .debug_aranges
                0x00000878       0x28 .\CortexM3\ARM_GCC_541\Debug\PRACTICA 5.a(Segments_DMA_Com_dma.o)
 .debug_aranges
                0x000008a0       0x28 .\CortexM3\ARM_GCC_541\Debug\PRACTICA 5.a(Segments_DMA_Seg_dma.o)
 .debug_aranges
                0x000008c8       0x28 .\CortexM3\ARM_GCC_541\Debug\PRACTICA 5.a(Segments_DMA_BC_dma.o)
 .debug_aranges
                0x000008f0       0x38 .\CortexM3\ARM_GCC_541\Debug\PRACTICA 5.a(SW_vel.o)
 .debug_aranges
                0x00000928       0x38 .\CortexM3\ARM_GCC_541\Debug\PRACTICA 5.a(SW_buzz.o)
 .debug_aranges
                0x00000960       0x38 .\CortexM3\ARM_GCC_541\Debug\PRACTICA 5.a(Buzzer.o)
 .debug_aranges
                0x00000998       0x38 .\CortexM3\ARM_GCC_541\Debug\PRACTICA 5.a(DosP.o)
 .debug_aranges
                0x000009d0       0x20 .\CortexM3\ARM_GCC_541\Debug\PRACTICA 5.a(CyBootAsmGnu.o)
 .debug_aranges
                0x000009f0       0x88 .\CortexM3\ARM_GCC_541\Debug\PRACTICA 5.a(CyFlash.o)
 .debug_aranges
                0x00000a78       0x80 .\CortexM3\ARM_GCC_541\Debug\PRACTICA 5.a(CySpc.o)

.debug_pubnames
 *(.debug_pubnames)

.debug_info     0x00000000     0x7045
 *(.debug_info .gnu.linkonce.wi.*)
 .debug_info    0x00000000      0x74e .\CortexM3\ARM_GCC_541\Debug\main.o
 .debug_info    0x0000074e      0x54b .\CortexM3\ARM_GCC_541\Debug\cyfitter_cfg.o
 .debug_info    0x00000c99      0x135 .\CortexM3\ARM_GCC_541\Debug\cymetadata.o
 .debug_info    0x00000dce      0x3cf .\CortexM3\ARM_GCC_541\Debug\Cm3Start.o
 .debug_info    0x0000119d      0x94e .\CortexM3\ARM_GCC_541\Debug\PRACTICA 5.a(CyDmac.o)
 .debug_info    0x00001aeb     0x1374 .\CortexM3\ARM_GCC_541\Debug\PRACTICA 5.a(CyLib.o)
 .debug_info    0x00002e5f      0xa2a .\CortexM3\ARM_GCC_541\Debug\PRACTICA 5.a(cyPm.o)
 .debug_info    0x00003889      0x2d2 .\CortexM3\ARM_GCC_541\Debug\PRACTICA 5.a(Interrupt.o)
 .debug_info    0x00003b5b     0x1691 .\CortexM3\ARM_GCC_541\Debug\PRACTICA 5.a(Segments.o)
 .debug_info    0x000051ec      0x28d .\CortexM3\ARM_GCC_541\Debug\PRACTICA 5.a(Contador.o)
 .debug_info    0x00005479      0x2d2 .\CortexM3\ARM_GCC_541\Debug\PRACTICA 5.a(Timer.o)
 .debug_info    0x0000574b      0x11f .\CortexM3\ARM_GCC_541\Debug\PRACTICA 5.a(SW.o)
 .debug_info    0x0000586a      0x11f .\CortexM3\ARM_GCC_541\Debug\PRACTICA 5.a(LEDS.o)
 .debug_info    0x00005989       0xd6 .\CortexM3\ARM_GCC_541\Debug\PRACTICA 5.a(Segments_Com_Driver.o)
 .debug_info    0x00005a5f      0x1a7 .\CortexM3\ARM_GCC_541\Debug\PRACTICA 5.a(Segments_DMA_Com_dma.o)
 .debug_info    0x00005c06      0x1a9 .\CortexM3\ARM_GCC_541\Debug\PRACTICA 5.a(Segments_DMA_Seg_dma.o)
 .debug_info    0x00005daf      0x1aa .\CortexM3\ARM_GCC_541\Debug\PRACTICA 5.a(Segments_DMA_BC_dma.o)
 .debug_info    0x00005f59      0x11f .\CortexM3\ARM_GCC_541\Debug\PRACTICA 5.a(SW_vel.o)
 .debug_info    0x00006078      0x11f .\CortexM3\ARM_GCC_541\Debug\PRACTICA 5.a(SW_buzz.o)
 .debug_info    0x00006197      0x11f .\CortexM3\ARM_GCC_541\Debug\PRACTICA 5.a(Buzzer.o)
 .debug_info    0x000062b6      0x11f .\CortexM3\ARM_GCC_541\Debug\PRACTICA 5.a(DosP.o)
 .debug_info    0x000063d5       0xd3 .\CortexM3\ARM_GCC_541\Debug\PRACTICA 5.a(CyBootAsmGnu.o)
 .debug_info    0x000064a8      0x64d .\CortexM3\ARM_GCC_541\Debug\PRACTICA 5.a(CyFlash.o)
 .debug_info    0x00006af5      0x550 .\CortexM3\ARM_GCC_541\Debug\PRACTICA 5.a(CySpc.o)

.debug_abbrev   0x00000000     0x1a70
 *(.debug_abbrev)
 .debug_abbrev  0x00000000       0xfc .\CortexM3\ARM_GCC_541\Debug\main.o
 .debug_abbrev  0x000000fc      0x1fe .\CortexM3\ARM_GCC_541\Debug\cyfitter_cfg.o
 .debug_abbrev  0x000002fa       0x66 .\CortexM3\ARM_GCC_541\Debug\cymetadata.o
 .debug_abbrev  0x00000360      0x1e8 .\CortexM3\ARM_GCC_541\Debug\Cm3Start.o
 .debug_abbrev  0x00000548      0x1b2 .\CortexM3\ARM_GCC_541\Debug\PRACTICA 5.a(CyDmac.o)
 .debug_abbrev  0x000006fa      0x254 .\CortexM3\ARM_GCC_541\Debug\PRACTICA 5.a(CyLib.o)
 .debug_abbrev  0x0000094e      0x1ab .\CortexM3\ARM_GCC_541\Debug\PRACTICA 5.a(cyPm.o)
 .debug_abbrev  0x00000af9      0x173 .\CortexM3\ARM_GCC_541\Debug\PRACTICA 5.a(Interrupt.o)
 .debug_abbrev  0x00000c6c      0x1d8 .\CortexM3\ARM_GCC_541\Debug\PRACTICA 5.a(Segments.o)
 .debug_abbrev  0x00000e44      0x122 .\CortexM3\ARM_GCC_541\Debug\PRACTICA 5.a(Contador.o)
 .debug_abbrev  0x00000f66      0x173 .\CortexM3\ARM_GCC_541\Debug\PRACTICA 5.a(Timer.o)
 .debug_abbrev  0x000010d9       0x90 .\CortexM3\ARM_GCC_541\Debug\PRACTICA 5.a(SW.o)
 .debug_abbrev  0x00001169       0x90 .\CortexM3\ARM_GCC_541\Debug\PRACTICA 5.a(LEDS.o)
 .debug_abbrev  0x000011f9       0x81 .\CortexM3\ARM_GCC_541\Debug\PRACTICA 5.a(Segments_Com_Driver.o)
 .debug_abbrev  0x0000127a       0xcd .\CortexM3\ARM_GCC_541\Debug\PRACTICA 5.a(Segments_DMA_Com_dma.o)
 .debug_abbrev  0x00001347       0xcd .\CortexM3\ARM_GCC_541\Debug\PRACTICA 5.a(Segments_DMA_Seg_dma.o)
 .debug_abbrev  0x00001414       0xcd .\CortexM3\ARM_GCC_541\Debug\PRACTICA 5.a(Segments_DMA_BC_dma.o)
 .debug_abbrev  0x000014e1       0x90 .\CortexM3\ARM_GCC_541\Debug\PRACTICA 5.a(SW_vel.o)
 .debug_abbrev  0x00001571       0x90 .\CortexM3\ARM_GCC_541\Debug\PRACTICA 5.a(SW_buzz.o)
 .debug_abbrev  0x00001601       0x90 .\CortexM3\ARM_GCC_541\Debug\PRACTICA 5.a(Buzzer.o)
 .debug_abbrev  0x00001691       0x90 .\CortexM3\ARM_GCC_541\Debug\PRACTICA 5.a(DosP.o)
 .debug_abbrev  0x00001721       0x14 .\CortexM3\ARM_GCC_541\Debug\PRACTICA 5.a(CyBootAsmGnu.o)
 .debug_abbrev  0x00001735      0x1a7 .\CortexM3\ARM_GCC_541\Debug\PRACTICA 5.a(CyFlash.o)
 .debug_abbrev  0x000018dc      0x194 .\CortexM3\ARM_GCC_541\Debug\PRACTICA 5.a(CySpc.o)

.debug_line     0x00000000     0x2d26
 *(.debug_line)
 .debug_line    0x00000000      0x2f8 .\CortexM3\ARM_GCC_541\Debug\main.o
 .debug_line    0x000002f8      0x1df .\CortexM3\ARM_GCC_541\Debug\cyfitter_cfg.o
 .debug_line    0x000004d7      0x141 .\CortexM3\ARM_GCC_541\Debug\cymetadata.o
 .debug_line    0x00000618      0x241 .\CortexM3\ARM_GCC_541\Debug\Cm3Start.o
 .debug_line    0x00000859      0x2e4 .\CortexM3\ARM_GCC_541\Debug\PRACTICA 5.a(CyDmac.o)
 .debug_line    0x00000b3d      0x816 .\CortexM3\ARM_GCC_541\Debug\PRACTICA 5.a(CyLib.o)
 .debug_line    0x00001353      0x367 .\CortexM3\ARM_GCC_541\Debug\PRACTICA 5.a(cyPm.o)
 .debug_line    0x000016ba      0x136 .\CortexM3\ARM_GCC_541\Debug\PRACTICA 5.a(Interrupt.o)
 .debug_line    0x000017f0      0x83c .\CortexM3\ARM_GCC_541\Debug\PRACTICA 5.a(Segments.o)
 .debug_line    0x0000202c      0x15c .\CortexM3\ARM_GCC_541\Debug\PRACTICA 5.a(Contador.o)
 .debug_line    0x00002188      0x132 .\CortexM3\ARM_GCC_541\Debug\PRACTICA 5.a(Timer.o)
 .debug_line    0x000022ba       0x8f .\CortexM3\ARM_GCC_541\Debug\PRACTICA 5.a(SW.o)
 .debug_line    0x00002349       0x91 .\CortexM3\ARM_GCC_541\Debug\PRACTICA 5.a(LEDS.o)
 .debug_line    0x000023da       0x7b .\CortexM3\ARM_GCC_541\Debug\PRACTICA 5.a(Segments_Com_Driver.o)
 .debug_line    0x00002455       0x8d .\CortexM3\ARM_GCC_541\Debug\PRACTICA 5.a(Segments_DMA_Com_dma.o)
 .debug_line    0x000024e2       0x8d .\CortexM3\ARM_GCC_541\Debug\PRACTICA 5.a(Segments_DMA_Seg_dma.o)
 .debug_line    0x0000256f       0x8c .\CortexM3\ARM_GCC_541\Debug\PRACTICA 5.a(Segments_DMA_BC_dma.o)
 .debug_line    0x000025fb       0x93 .\CortexM3\ARM_GCC_541\Debug\PRACTICA 5.a(SW_vel.o)
 .debug_line    0x0000268e       0x94 .\CortexM3\ARM_GCC_541\Debug\PRACTICA 5.a(SW_buzz.o)
 .debug_line    0x00002722       0x93 .\CortexM3\ARM_GCC_541\Debug\PRACTICA 5.a(Buzzer.o)
 .debug_line    0x000027b5       0x91 .\CortexM3\ARM_GCC_541\Debug\PRACTICA 5.a(DosP.o)
 .debug_line    0x00002846       0x66 .\CortexM3\ARM_GCC_541\Debug\PRACTICA 5.a(CyBootAsmGnu.o)
 .debug_line    0x000028ac      0x21a .\CortexM3\ARM_GCC_541\Debug\PRACTICA 5.a(CyFlash.o)
 .debug_line    0x00002ac6      0x260 .\CortexM3\ARM_GCC_541\Debug\PRACTICA 5.a(CySpc.o)

.debug_frame    0x00000000     0x1bb4
 *(.debug_frame)
 .debug_frame   0x00000000       0x4c .\CortexM3\ARM_GCC_541\Debug\main.o
 .debug_frame   0x0000004c       0xe4 .\CortexM3\ARM_GCC_541\Debug\cyfitter_cfg.o
 .debug_frame   0x00000130       0xb8 .\CortexM3\ARM_GCC_541\Debug\Cm3Start.o
 .debug_frame   0x000001e8      0x1f8 .\CortexM3\ARM_GCC_541\Debug\PRACTICA 5.a(CyDmac.o)
 .debug_frame   0x000003e0      0x738 .\CortexM3\ARM_GCC_541\Debug\PRACTICA 5.a(CyLib.o)
 .debug_frame   0x00000b18      0x1f8 .\CortexM3\ARM_GCC_541\Debug\PRACTICA 5.a(cyPm.o)
 .debug_frame   0x00000d10      0x104 .\CortexM3\ARM_GCC_541\Debug\PRACTICA 5.a(Interrupt.o)
 .debug_frame   0x00000e14      0x4bc .\CortexM3\ARM_GCC_541\Debug\PRACTICA 5.a(Segments.o)
 .debug_frame   0x000012d0      0x104 .\CortexM3\ARM_GCC_541\Debug\PRACTICA 5.a(Contador.o)
 .debug_frame   0x000013d4      0x104 .\CortexM3\ARM_GCC_541\Debug\PRACTICA 5.a(Timer.o)
 .debug_frame   0x000014d8       0x50 .\CortexM3\ARM_GCC_541\Debug\PRACTICA 5.a(SW.o)
 .debug_frame   0x00001528       0x50 .\CortexM3\ARM_GCC_541\Debug\PRACTICA 5.a(LEDS.o)
 .debug_frame   0x00001578       0x30 .\CortexM3\ARM_GCC_541\Debug\PRACTICA 5.a(Segments_Com_Driver.o)
 .debug_frame   0x000015a8       0x54 .\CortexM3\ARM_GCC_541\Debug\PRACTICA 5.a(Segments_DMA_Com_dma.o)
 .debug_frame   0x000015fc       0x54 .\CortexM3\ARM_GCC_541\Debug\PRACTICA 5.a(Segments_DMA_Seg_dma.o)
 .debug_frame   0x00001650       0x54 .\CortexM3\ARM_GCC_541\Debug\PRACTICA 5.a(Segments_DMA_BC_dma.o)
 .debug_frame   0x000016a4       0x50 .\CortexM3\ARM_GCC_541\Debug\PRACTICA 5.a(SW_vel.o)
 .debug_frame   0x000016f4       0x50 .\CortexM3\ARM_GCC_541\Debug\PRACTICA 5.a(SW_buzz.o)
 .debug_frame   0x00001744       0x50 .\CortexM3\ARM_GCC_541\Debug\PRACTICA 5.a(Buzzer.o)
 .debug_frame   0x00001794       0x50 .\CortexM3\ARM_GCC_541\Debug\PRACTICA 5.a(DosP.o)
 .debug_frame   0x000017e4      0x194 .\CortexM3\ARM_GCC_541\Debug\PRACTICA 5.a(CyFlash.o)
 .debug_frame   0x00001978      0x180 .\CortexM3\ARM_GCC_541\Debug\PRACTICA 5.a(CySpc.o)
 .debug_frame   0x00001af8       0x20 c:/program files (x86)/cypress/psoc creator/4.4/psoc creator/import/gnu/arm/5.4.1/bin/../lib/gcc/arm-none-eabi/5.4.1/../../../../arm-none-eabi/lib/armv7-m\libg_nano.a(lib_a-errno.o)
 .debug_frame   0x00001b18       0x28 c:/program files (x86)/cypress/psoc creator/4.4/psoc creator/import/gnu/arm/5.4.1/bin/../lib/gcc/arm-none-eabi/5.4.1/../../../../arm-none-eabi/lib/armv7-m\libg_nano.a(lib_a-exit.o)
 .debug_frame   0x00001b40       0x2c c:/program files (x86)/cypress/psoc creator/4.4/psoc creator/import/gnu/arm/5.4.1/bin/../lib/gcc/arm-none-eabi/5.4.1/../../../../arm-none-eabi/lib/armv7-m\libg_nano.a(lib_a-init.o)
 .debug_frame   0x00001b6c       0x28 c:/program files (x86)/cypress/psoc creator/4.4/psoc creator/import/gnu/arm/5.4.1/bin/../lib/gcc/arm-none-eabi/5.4.1/../../../../arm-none-eabi/lib/armv7-m\libg_nano.a(lib_a-memcpy-stub.o)
 .debug_frame   0x00001b94       0x20 c:/program files (x86)/cypress/psoc creator/4.4/psoc creator/import/gnu/arm/5.4.1/bin/../lib/gcc/arm-none-eabi/5.4.1/../../../../arm-none-eabi/lib/armv7-m\libg_nano.a(lib_a-memset.o)

.debug_str      0x00000000     0x2671
 *(.debug_str)
 .debug_str     0x00000000      0x369 .\CortexM3\ARM_GCC_541\Debug\main.o
                                0x3b1 (size before relaxing)
 .debug_str     0x00000369      0x1ff .\CortexM3\ARM_GCC_541\Debug\cyfitter_cfg.o
                                0x352 (size before relaxing)
 .debug_str     0x00000568       0x7f .\CortexM3\ARM_GCC_541\Debug\cymetadata.o
                                0x227 (size before relaxing)
 .debug_str     0x000005e7      0x154 .\CortexM3\ARM_GCC_541\Debug\Cm3Start.o
                                0x35d (size before relaxing)
 .debug_str     0x0000073b      0x384 .\CortexM3\ARM_GCC_541\Debug\PRACTICA 5.a(CyDmac.o)
                                0x58d (size before relaxing)
 .debug_str     0x00000abf      0x7f9 .\CortexM3\ARM_GCC_541\Debug\PRACTICA 5.a(CyLib.o)
                                0xa8a (size before relaxing)
 .debug_str     0x000012b8      0x365 .\CortexM3\ARM_GCC_541\Debug\PRACTICA 5.a(cyPm.o)
                                0x776 (size before relaxing)
 .debug_str     0x0000161d      0x10c .\CortexM3\ARM_GCC_541\Debug\PRACTICA 5.a(Interrupt.o)
                                0x321 (size before relaxing)
 .debug_str     0x00001729      0x721 .\CortexM3\ARM_GCC_541\Debug\PRACTICA 5.a(Segments.o)
                                0xa2b (size before relaxing)
 .debug_str     0x00001e4a      0x157 .\CortexM3\ARM_GCC_541\Debug\PRACTICA 5.a(Contador.o)
                                0x34b (size before relaxing)
 .debug_str     0x00001fa1       0xd8 .\CortexM3\ARM_GCC_541\Debug\PRACTICA 5.a(Timer.o)
                                0x2e9 (size before relaxing)
 .debug_str     0x00002079       0x4f .\CortexM3\ARM_GCC_541\Debug\PRACTICA 5.a(SW.o)
                                0x216 (size before relaxing)
 .debug_str     0x000020c8       0x4b .\CortexM3\ARM_GCC_541\Debug\PRACTICA 5.a(LEDS.o)
                                0x220 (size before relaxing)
 .debug_str     0x00002113       0x46 .\CortexM3\ARM_GCC_541\Debug\PRACTICA 5.a(Segments_Com_Driver.o)
                                0x21c (size before relaxing)
 .debug_str     0x00002159       0xa0 .\CortexM3\ARM_GCC_541\Debug\PRACTICA 5.a(Segments_DMA_Com_dma.o)
                                0x2db (size before relaxing)
 .debug_str     0x000021f9       0x65 .\CortexM3\ARM_GCC_541\Debug\PRACTICA 5.a(Segments_DMA_Seg_dma.o)
                                0x2db (size before relaxing)
 .debug_str     0x0000225e       0x62 .\CortexM3\ARM_GCC_541\Debug\PRACTICA 5.a(Segments_DMA_BC_dma.o)
                                0x2d7 (size before relaxing)
 .debug_str     0x000022c0       0x54 .\CortexM3\ARM_GCC_541\Debug\PRACTICA 5.a(SW_vel.o)
                                0x22a (size before relaxing)
 .debug_str     0x00002314       0x58 .\CortexM3\ARM_GCC_541\Debug\PRACTICA 5.a(SW_buzz.o)
                                0x22f (size before relaxing)
 .debug_str     0x0000236c       0x53 .\CortexM3\ARM_GCC_541\Debug\PRACTICA 5.a(Buzzer.o)
                                0x22a (size before relaxing)
 .debug_str     0x000023bf       0x4b .\CortexM3\ARM_GCC_541\Debug\PRACTICA 5.a(DosP.o)
                                0x220 (size before relaxing)
 .debug_str     0x0000240a      0x1bb .\CortexM3\ARM_GCC_541\Debug\PRACTICA 5.a(CyFlash.o)
                                0x403 (size before relaxing)
 .debug_str     0x000025c5       0xac .\CortexM3\ARM_GCC_541\Debug\PRACTICA 5.a(CySpc.o)
                                0x37b (size before relaxing)

.debug_loc      0x00000000     0x410d
 *(.debug_loc)
 .debug_loc     0x00000000      0x1d7 .\CortexM3\ARM_GCC_541\Debug\cyfitter_cfg.o
 .debug_loc     0x000001d7      0x144 .\CortexM3\ARM_GCC_541\Debug\Cm3Start.o
 .debug_loc     0x0000031b      0xb8e .\CortexM3\ARM_GCC_541\Debug\PRACTICA 5.a(CyDmac.o)
 .debug_loc     0x00000ea9      0xa11 .\CortexM3\ARM_GCC_541\Debug\PRACTICA 5.a(CyLib.o)
 .debug_loc     0x000018ba      0x1e4 .\CortexM3\ARM_GCC_541\Debug\PRACTICA 5.a(cyPm.o)
 .debug_loc     0x00001a9e       0x56 .\CortexM3\ARM_GCC_541\Debug\PRACTICA 5.a(Interrupt.o)
 .debug_loc     0x00001af4     0x17d3 .\CortexM3\ARM_GCC_541\Debug\PRACTICA 5.a(Segments.o)
 .debug_loc     0x000032c7       0x21 .\CortexM3\ARM_GCC_541\Debug\PRACTICA 5.a(Contador.o)
 .debug_loc     0x000032e8       0x56 .\CortexM3\ARM_GCC_541\Debug\PRACTICA 5.a(Timer.o)
 .debug_loc     0x0000333e       0x42 .\CortexM3\ARM_GCC_541\Debug\PRACTICA 5.a(SW.o)
 .debug_loc     0x00003380       0x42 .\CortexM3\ARM_GCC_541\Debug\PRACTICA 5.a(LEDS.o)
 .debug_loc     0x000033c2       0x84 .\CortexM3\ARM_GCC_541\Debug\PRACTICA 5.a(Segments_DMA_Com_dma.o)
 .debug_loc     0x00003446       0x84 .\CortexM3\ARM_GCC_541\Debug\PRACTICA 5.a(Segments_DMA_Seg_dma.o)
 .debug_loc     0x000034ca       0x84 .\CortexM3\ARM_GCC_541\Debug\PRACTICA 5.a(Segments_DMA_BC_dma.o)
 .debug_loc     0x0000354e       0x42 .\CortexM3\ARM_GCC_541\Debug\PRACTICA 5.a(SW_vel.o)
 .debug_loc     0x00003590       0x42 .\CortexM3\ARM_GCC_541\Debug\PRACTICA 5.a(SW_buzz.o)
 .debug_loc     0x000035d2       0x42 .\CortexM3\ARM_GCC_541\Debug\PRACTICA 5.a(Buzzer.o)
 .debug_loc     0x00003614       0x42 .\CortexM3\ARM_GCC_541\Debug\PRACTICA 5.a(DosP.o)
 .debug_loc     0x00003656      0x3b2 .\CortexM3\ARM_GCC_541\Debug\PRACTICA 5.a(CyFlash.o)
 .debug_loc     0x00003a08      0x705 .\CortexM3\ARM_GCC_541\Debug\PRACTICA 5.a(CySpc.o)

.debug_macinfo
 *(.debug_macinfo)

.debug_ranges   0x00000000      0x960
 *(.debug_ranges)
 .debug_ranges  0x00000000       0x20 .\CortexM3\ARM_GCC_541\Debug\main.o
 .debug_ranges  0x00000020       0x48 .\CortexM3\ARM_GCC_541\Debug\cyfitter_cfg.o
 .debug_ranges  0x00000068       0x38 .\CortexM3\ARM_GCC_541\Debug\Cm3Start.o
 .debug_ranges  0x000000a0       0xc8 .\CortexM3\ARM_GCC_541\Debug\PRACTICA 5.a(CyDmac.o)
 .debug_ranges  0x00000168      0x290 .\CortexM3\ARM_GCC_541\Debug\PRACTICA 5.a(CyLib.o)
 .debug_ranges  0x000003f8       0x88 .\CortexM3\ARM_GCC_541\Debug\PRACTICA 5.a(cyPm.o)
 .debug_ranges  0x00000480       0x70 .\CortexM3\ARM_GCC_541\Debug\PRACTICA 5.a(Interrupt.o)
 .debug_ranges  0x000004f0      0x158 .\CortexM3\ARM_GCC_541\Debug\PRACTICA 5.a(Segments.o)
 .debug_ranges  0x00000648       0x70 .\CortexM3\ARM_GCC_541\Debug\PRACTICA 5.a(Contador.o)
 .debug_ranges  0x000006b8       0x70 .\CortexM3\ARM_GCC_541\Debug\PRACTICA 5.a(Timer.o)
 .debug_ranges  0x00000728       0x28 .\CortexM3\ARM_GCC_541\Debug\PRACTICA 5.a(SW.o)
 .debug_ranges  0x00000750       0x28 .\CortexM3\ARM_GCC_541\Debug\PRACTICA 5.a(LEDS.o)
 .debug_ranges  0x00000778       0x18 .\CortexM3\ARM_GCC_541\Debug\PRACTICA 5.a(Segments_Com_Driver.o)
 .debug_ranges  0x00000790       0x18 .\CortexM3\ARM_GCC_541\Debug\PRACTICA 5.a(Segments_DMA_Com_dma.o)
 .debug_ranges  0x000007a8       0x18 .\CortexM3\ARM_GCC_541\Debug\PRACTICA 5.a(Segments_DMA_Seg_dma.o)
 .debug_ranges  0x000007c0       0x18 .\CortexM3\ARM_GCC_541\Debug\PRACTICA 5.a(Segments_DMA_BC_dma.o)
 .debug_ranges  0x000007d8       0x28 .\CortexM3\ARM_GCC_541\Debug\PRACTICA 5.a(SW_vel.o)
 .debug_ranges  0x00000800       0x28 .\CortexM3\ARM_GCC_541\Debug\PRACTICA 5.a(SW_buzz.o)
 .debug_ranges  0x00000828       0x28 .\CortexM3\ARM_GCC_541\Debug\PRACTICA 5.a(Buzzer.o)
 .debug_ranges  0x00000850       0x28 .\CortexM3\ARM_GCC_541\Debug\PRACTICA 5.a(DosP.o)
 .debug_ranges  0x00000878       0x78 .\CortexM3\ARM_GCC_541\Debug\PRACTICA 5.a(CyFlash.o)
 .debug_ranges  0x000008f0       0x70 .\CortexM3\ARM_GCC_541\Debug\PRACTICA 5.a(CySpc.o)

.comment        0x00000000       0x6e
 .comment       0x00000000       0x6e .\CortexM3\ARM_GCC_541\Debug\main.o
                                 0x6f (size before relaxing)
 .comment       0x0000006e       0x6f .\CortexM3\ARM_GCC_541\Debug\cyfitter_cfg.o
 .comment       0x0000006e       0x6f .\CortexM3\ARM_GCC_541\Debug\cymetadata.o
 .comment       0x0000006e       0x6f .\CortexM3\ARM_GCC_541\Debug\Cm3Start.o
 .comment       0x0000006e       0x6f .\CortexM3\ARM_GCC_541\Debug\PRACTICA 5.a(CyDmac.o)
 .comment       0x0000006e       0x6f .\CortexM3\ARM_GCC_541\Debug\PRACTICA 5.a(CyLib.o)
 .comment       0x0000006e       0x6f .\CortexM3\ARM_GCC_541\Debug\PRACTICA 5.a(cyPm.o)
 .comment       0x0000006e       0x6f .\CortexM3\ARM_GCC_541\Debug\PRACTICA 5.a(Interrupt.o)
 .comment       0x0000006e       0x6f .\CortexM3\ARM_GCC_541\Debug\PRACTICA 5.a(Segments.o)
 .comment       0x0000006e       0x6f .\CortexM3\ARM_GCC_541\Debug\PRACTICA 5.a(Contador.o)
 .comment       0x0000006e       0x6f .\CortexM3\ARM_GCC_541\Debug\PRACTICA 5.a(Timer.o)
 .comment       0x0000006e       0x6f .\CortexM3\ARM_GCC_541\Debug\PRACTICA 5.a(SW.o)
 .comment       0x0000006e       0x6f .\CortexM3\ARM_GCC_541\Debug\PRACTICA 5.a(LEDS.o)
 .comment       0x0000006e       0x6f .\CortexM3\ARM_GCC_541\Debug\PRACTICA 5.a(Segments_Com_Driver.o)
 .comment       0x0000006e       0x6f .\CortexM3\ARM_GCC_541\Debug\PRACTICA 5.a(Segments_DMA_Com_dma.o)
 .comment       0x0000006e       0x6f .\CortexM3\ARM_GCC_541\Debug\PRACTICA 5.a(Segments_DMA_Seg_dma.o)
 .comment       0x0000006e       0x6f .\CortexM3\ARM_GCC_541\Debug\PRACTICA 5.a(Segments_DMA_BC_dma.o)
 .comment       0x0000006e       0x6f .\CortexM3\ARM_GCC_541\Debug\PRACTICA 5.a(SW_vel.o)
 .comment       0x0000006e       0x6f .\CortexM3\ARM_GCC_541\Debug\PRACTICA 5.a(SW_buzz.o)
 .comment       0x0000006e       0x6f .\CortexM3\ARM_GCC_541\Debug\PRACTICA 5.a(Buzzer.o)
 .comment       0x0000006e       0x6f .\CortexM3\ARM_GCC_541\Debug\PRACTICA 5.a(DosP.o)
 .comment       0x0000006e       0x6f .\CortexM3\ARM_GCC_541\Debug\PRACTICA 5.a(CyFlash.o)
 .comment       0x0000006e       0x6f .\CortexM3\ARM_GCC_541\Debug\PRACTICA 5.a(CySpc.o)

.debug_weaknames
 *(.debug_weaknames)

.debug_funcnames
 *(.debug_funcnames)

.debug_typenames
 *(.debug_typenames)

.debug_varnames
 *(.debug_varnames)

.note.gnu.arm.ident
 *(.note.gnu.arm.ident)

.ARM.attributes
                0x00000000       0x29
 *(.ARM.attributes)
 .ARM.attributes
                0x00000000       0x1d c:/program files (x86)/cypress/psoc creator/4.4/psoc creator/import/gnu/arm/5.4.1/bin/../lib/gcc/arm-none-eabi/5.4.1/armv7-m/crti.o
 .ARM.attributes
                0x0000001d       0x2d c:/program files (x86)/cypress/psoc creator/4.4/psoc creator/import/gnu/arm/5.4.1/bin/../lib/gcc/arm-none-eabi/5.4.1/armv7-m/crtbegin.o
 .ARM.attributes
                0x0000004a       0x1b c:/program files (x86)/cypress/psoc creator/4.4/psoc creator/import/gnu/arm/5.4.1/bin/../lib/gcc/arm-none-eabi/5.4.1/../../../../arm-none-eabi/lib/armv7-m/crt0.o
 .ARM.attributes
                0x00000065       0x33 .\CortexM3\ARM_GCC_541\Debug\main.o
 .ARM.attributes
                0x00000098       0x33 .\CortexM3\ARM_GCC_541\Debug\cyfitter_cfg.o
 .ARM.attributes
                0x000000cb       0x33 .\CortexM3\ARM_GCC_541\Debug\cymetadata.o
 .ARM.attributes
                0x000000fe       0x33 .\CortexM3\ARM_GCC_541\Debug\Cm3Start.o
 .ARM.attributes
                0x00000131       0x33 .\CortexM3\ARM_GCC_541\Debug\PRACTICA 5.a(CyDmac.o)
 .ARM.attributes
                0x00000164       0x33 .\CortexM3\ARM_GCC_541\Debug\PRACTICA 5.a(CyLib.o)
 .ARM.attributes
                0x00000197       0x33 .\CortexM3\ARM_GCC_541\Debug\PRACTICA 5.a(cyPm.o)
 .ARM.attributes
                0x000001ca       0x33 .\CortexM3\ARM_GCC_541\Debug\PRACTICA 5.a(Interrupt.o)
 .ARM.attributes
                0x000001fd       0x33 .\CortexM3\ARM_GCC_541\Debug\PRACTICA 5.a(Segments.o)
 .ARM.attributes
                0x00000230       0x33 .\CortexM3\ARM_GCC_541\Debug\PRACTICA 5.a(Contador.o)
 .ARM.attributes
                0x00000263       0x33 .\CortexM3\ARM_GCC_541\Debug\PRACTICA 5.a(Timer.o)
 .ARM.attributes
                0x00000296       0x33 .\CortexM3\ARM_GCC_541\Debug\PRACTICA 5.a(SW.o)
 .ARM.attributes
                0x000002c9       0x33 .\CortexM3\ARM_GCC_541\Debug\PRACTICA 5.a(LEDS.o)
 .ARM.attributes
                0x000002fc       0x33 .\CortexM3\ARM_GCC_541\Debug\PRACTICA 5.a(Segments_Com_Driver.o)
 .ARM.attributes
                0x0000032f       0x33 .\CortexM3\ARM_GCC_541\Debug\PRACTICA 5.a(Segments_DMA_Com_dma.o)
 .ARM.attributes
                0x00000362       0x33 .\CortexM3\ARM_GCC_541\Debug\PRACTICA 5.a(Segments_DMA_Seg_dma.o)
 .ARM.attributes
                0x00000395       0x33 .\CortexM3\ARM_GCC_541\Debug\PRACTICA 5.a(Segments_DMA_BC_dma.o)
 .ARM.attributes
                0x000003c8       0x33 .\CortexM3\ARM_GCC_541\Debug\PRACTICA 5.a(SW_vel.o)
 .ARM.attributes
                0x000003fb       0x33 .\CortexM3\ARM_GCC_541\Debug\PRACTICA 5.a(SW_buzz.o)
 .ARM.attributes
                0x0000042e       0x33 .\CortexM3\ARM_GCC_541\Debug\PRACTICA 5.a(Buzzer.o)
 .ARM.attributes
                0x00000461       0x33 .\CortexM3\ARM_GCC_541\Debug\PRACTICA 5.a(DosP.o)
 .ARM.attributes
                0x00000494       0x21 .\CortexM3\ARM_GCC_541\Debug\PRACTICA 5.a(CyBootAsmGnu.o)
 .ARM.attributes
                0x000004b5       0x33 .\CortexM3\ARM_GCC_541\Debug\PRACTICA 5.a(CyFlash.o)
 .ARM.attributes
                0x000004e8       0x33 .\CortexM3\ARM_GCC_541\Debug\PRACTICA 5.a(CySpc.o)
 .ARM.attributes
                0x0000051b       0x2d c:/program files (x86)/cypress/psoc creator/4.4/psoc creator/import/gnu/arm/5.4.1/bin/../lib/gcc/arm-none-eabi/5.4.1/../../../../arm-none-eabi/lib/armv7-m\libg_nano.a(lib_a-errno.o)
 .ARM.attributes
                0x00000548       0x2d c:/program files (x86)/cypress/psoc creator/4.4/psoc creator/import/gnu/arm/5.4.1/bin/../lib/gcc/arm-none-eabi/5.4.1/../../../../arm-none-eabi/lib/armv7-m\libg_nano.a(lib_a-exit.o)
 .ARM.attributes
                0x00000575       0x2d c:/program files (x86)/cypress/psoc creator/4.4/psoc creator/import/gnu/arm/5.4.1/bin/../lib/gcc/arm-none-eabi/5.4.1/../../../../arm-none-eabi/lib/armv7-m\libg_nano.a(lib_a-impure.o)
 .ARM.attributes
                0x000005a2       0x2d c:/program files (x86)/cypress/psoc creator/4.4/psoc creator/import/gnu/arm/5.4.1/bin/../lib/gcc/arm-none-eabi/5.4.1/../../../../arm-none-eabi/lib/armv7-m\libg_nano.a(lib_a-init.o)
 .ARM.attributes
                0x000005cf       0x2d c:/program files (x86)/cypress/psoc creator/4.4/psoc creator/import/gnu/arm/5.4.1/bin/../lib/gcc/arm-none-eabi/5.4.1/../../../../arm-none-eabi/lib/armv7-m\libg_nano.a(lib_a-memcpy-stub.o)
 .ARM.attributes
                0x000005fc       0x2d c:/program files (x86)/cypress/psoc creator/4.4/psoc creator/import/gnu/arm/5.4.1/bin/../lib/gcc/arm-none-eabi/5.4.1/../../../../arm-none-eabi/lib/armv7-m\libg_nano.a(lib_a-memset.o)
 .ARM.attributes
                0x00000629       0x17 c:/program files (x86)/cypress/psoc creator/4.4/psoc creator/import/gnu/arm/5.4.1/bin/../lib/gcc/arm-none-eabi/5.4.1/../../../../arm-none-eabi/lib/armv7-m\libg_nano.a(lib_a-strlen.o)
 .ARM.attributes
                0x00000640       0x2d c:/program files (x86)/cypress/psoc creator/4.4/psoc creator/import/gnu/arm/5.4.1/bin/../lib/gcc/arm-none-eabi/5.4.1/armv7-m/crtend.o
 .ARM.attributes
                0x0000066d       0x1d c:/program files (x86)/cypress/psoc creator/4.4/psoc creator/import/gnu/arm/5.4.1/bin/../lib/gcc/arm-none-eabi/5.4.1/armv7-m/crtn.o

/DISCARD/
 *(.note.GNU-stack)
OUTPUT(C:\Users\Esteban\OneDrive - Universidad de Antioquia\SEMESTRE 2023-1\DISPOSITIVOS PROGRAMABLES\INDIVIDUAL\Practica5 - copia\PRACTICA 5.cydsn\CortexM3\ARM_GCC_541\Debug\PRACTICA 5.elf elf32-littlearm)
